Component: Arm Compiler for Embedded 6.22 Tool: armlink [5ee90200]

==============================================================================

Section Cross References

    startup.o(STACK) refers (Special) to heapauxi.o(.text) for __use_two_region_memory
    startup.o(HEAP) refers (Special) to heapauxi.o(.text) for __use_two_region_memory
    startup.o(RESET) refers (Special) to heapauxi.o(.text) for __use_two_region_memory
    startup.o(RESET) refers to startup.o(STACK) for StackMem
    startup.o(RESET) refers to timer.o(.text.Timer0A_Handler) for Timer0A_Handler
    startup.o(RESET) refers to gpio.o(.text.GPIOPortJ_Handler) for GPIOPortJ_Handler
    startup.o(RESET) refers to __main.o(!!!main) for __main
    startup.o(.text) refers (Special) to heapauxi.o(.text) for __use_two_region_memory
    startup.o(.text) refers to startup.o(HEAP) for HeapMem
    startup.o(.text) refers to startup.o(STACK) for StackMem
    main.o(.ARM.exidx.text.ADC_Read) refers to main.o(.text.ADC_Read) for [Anonymous Symbol]
    main.o(.text.main) refers to utils.o(.text) for PLL_Init
    main.o(.text.main) refers to gpio.o(.text.GPIO_Init) for GPIO_Init
    main.o(.text.main) refers to uart.o(.text.init_uart) for init_uart
    main.o(.text.main) refers to gpio.o(.text.initPot) for initPot
    main.o(.text.main) refers to main.o(.bss.programState) for programState
    main.o(.text.main) refers to main.o(.rodata.str1.1) for .L.str
    main.o(.text.main) refers to uart.o(.text.UART0_SendString) for UART0_SendString
    main.o(.text.main) refers to uart.o(.text.UART0_ReadChar) for UART0_ReadChar
    main.o(.text.main) refers to main.o(.text.ADC_Read) for ADC_Read
    main.o(.text.main) refers to main.o(.bss.pwm_duty_cycle) for pwm_duty_cycle
    main.o(.text.main) refers to main.o(.bss.direction) for direction
    main.o(.text.main) refers to motor.o(.text.vel_control) for vel_control
    main.o(.text.main) refers to motor.o(.text.PWM_SetDutyCycle) for PWM_SetDutyCycle
    main.o(.text.main) refers to sprintf.o(.text) for sprintf
    main.o(.text.main) refers to uart.o(.text.UART0_Available) for UART0_Available
    main.o(.ARM.exidx.text.main) refers to main.o(.text.main) for [Anonymous Symbol]
    gpio.o(.ARM.exidx.text.GPIO_Init) refers to gpio.o(.text.GPIO_Init) for [Anonymous Symbol]
    gpio.o(.text.GPIOPortJ_Handler) refers to lab3.o(.text.set_reset) for set_reset
    gpio.o(.text.GPIOPortJ_Handler) refers to lab3.o(.text.set_toggle_step) for set_toggle_step
    gpio.o(.ARM.exidx.text.GPIOPortJ_Handler) refers to gpio.o(.text.GPIOPortJ_Handler) for [Anonymous Symbol]
    gpio.o(.ARM.exidx.text.PortJ_Input) refers to gpio.o(.text.PortJ_Input) for [Anonymous Symbol]
    gpio.o(.ARM.exidx.text.PortL_Input) refers to gpio.o(.text.PortL_Input) for [Anonymous Symbol]
    gpio.o(.ARM.exidx.text.PortN_Output) refers to gpio.o(.text.PortN_Output) for [Anonymous Symbol]
    gpio.o(.ARM.exidx.text.PortM_Output_Teclado) refers to gpio.o(.text.PortM_Output_Teclado) for [Anonymous Symbol]
    gpio.o(.ARM.exidx.text.PortM_Output_LCD) refers to gpio.o(.text.PortM_Output_LCD) for [Anonymous Symbol]
    gpio.o(.ARM.exidx.text.PortA_Output) refers to gpio.o(.text.PortA_Output) for [Anonymous Symbol]
    gpio.o(.ARM.exidx.text.PortQ_Output) refers to gpio.o(.text.PortQ_Output) for [Anonymous Symbol]
    gpio.o(.ARM.exidx.text.PortP_Output) refers to gpio.o(.text.PortP_Output) for [Anonymous Symbol]
    gpio.o(.ARM.exidx.text.PortK_Output) refers to gpio.o(.text.PortK_Output) for [Anonymous Symbol]
    gpio.o(.ARM.exidx.text.PortH_Output) refers to gpio.o(.text.PortH_Output) for [Anonymous Symbol]
    gpio.o(.ARM.exidx.text.initPot) refers to gpio.o(.text.initPot) for [Anonymous Symbol]
    lab3.o(.text.set_toggle_step) refers to lab3.o(.bss.toggle_step) for toggle_step
    lab3.o(.ARM.exidx.text.set_toggle_step) refers to lab3.o(.text.set_toggle_step) for [Anonymous Symbol]
    lab3.o(.text.get_toggle_step) refers to lab3.o(.bss.toggle_step) for toggle_step
    lab3.o(.ARM.exidx.text.get_toggle_step) refers to lab3.o(.text.get_toggle_step) for [Anonymous Symbol]
    lab3.o(.text.set_reset) refers to lab3.o(.bss.reset) for reset
    lab3.o(.ARM.exidx.text.set_reset) refers to lab3.o(.text.set_reset) for [Anonymous Symbol]
    lab3.o(.text.get_reset) refers to lab3.o(.bss.reset) for reset
    lab3.o(.ARM.exidx.text.get_reset) refers to lab3.o(.text.get_reset) for [Anonymous Symbol]
    lcd.o(.text.setup_LCD) refers to lcd.o(.text.send_comand_lcd) for send_comand_lcd
    lcd.o(.text.setup_LCD) refers to lcd.o(.text.send_complex_comand_lcd) for send_complex_comand_lcd
    lcd.o(.ARM.exidx.text.setup_LCD) refers to lcd.o(.text.setup_LCD) for [Anonymous Symbol]
    lcd.o(.text.send_comand_lcd) refers to gpio.o(.text.PortK_Output) for PortK_Output
    lcd.o(.text.send_comand_lcd) refers to gpio.o(.text.PortM_Output_LCD) for PortM_Output_LCD
    lcd.o(.text.send_comand_lcd) refers to utils.o(.text) for SysTick_Wait1us
[...]
    ../clib/angel/startup.s                  0x00000000   Number         0  __main.o ABSOLUTE
    ../clib/angel/sys.s                      0x00000000   Number         0  sys_stackheap_outer.o ABSOLUTE
    ../clib/angel/sys.s                      0x00000000   Number         0  libspace.o ABSOLUTE
    ../clib/angel/sys.s                      0x00000000   Number         0  use_no_semi.o ABSOLUTE
    ../clib/angel/sys.s                      0x00000000   Number         0  indicate_semi.o ABSOLUTE
    ../clib/angel/sysapp.c                   0x00000000   Number         0  sys_exit.o ABSOLUTE
    ../clib/angel/sysapp.c                   0x00000000   Number         0  sys_exit_hlt.o ABSOLUTE
    ../clib/angel/sysapp.c                   0x00000000   Number         0  sys_command.o ABSOLUTE
    ../clib/angel/sysapp.c                   0x00000000   Number         0  sys_command_hlt.o ABSOLUTE
    ../clib/angel/sysapp.c                   0x00000000   Number         0  sys_wrch.o ABSOLUTE
    ../clib/angel/sysapp.c                   0x00000000   Number         0  sys_wrch_hlt.o ABSOLUTE
    ../clib/armsys.c                         0x00000000   Number         0  argv_veneer.o ABSOLUTE
    ../clib/armsys.c                         0x00000000   Number         0  argv_veneer.o ABSOLUTE
    ../clib/armsys.c                         0x00000000   Number         0  _get_argv_nomalloc.o ABSOLUTE
    ../clib/armsys.c                         0x00000000   Number         0  no_argv.o ABSOLUTE
    ../clib/bigflt.c                         0x00000000   Number         0  bigflt0.o ABSOLUTE
    ../clib/btod.s                           0x00000000   Number         0  btod.o ABSOLUTE
    ../clib/btod_accurate.c                  0x00000000   Number         0  btod_accurate.o ABSOLUTE
    ../clib/btod_accurate.c                  0x00000000   Number         0  btod_accurate_common.o ABSOLUTE
    ../clib/heapalloc.c                      0x00000000   Number         0  hrguard.o ABSOLUTE
    ../clib/heapaux.c                        0x00000000   Number         0  heapauxi.o ABSOLUTE
    ../clib/libinit.s                        0x00000000   Number         0  libinit.o ABSOLUTE
    ../clib/libinit.s                        0x00000000   Number         0  libinit2.o ABSOLUTE
    ../clib/libinit.s                        0x00000000   Number         0  libshutdown.o ABSOLUTE
    ../clib/libinit.s                        0x00000000   Number         0  libshutdown2.o ABSOLUTE
    ../clib/locale.c                         0x00000000   Number         0  _c16rtomb.o ABSOLUTE
    ../clib/locale.s                         0x00000000   Number         0  lc_numeric_c.o ABSOLUTE
    ../clib/locale.s                         0x00000000   Number         0  lc_ctype_c.o ABSOLUTE
    ../clib/longlong.s                       0x00000000   Number         0  lludiv10.o ABSOLUTE
    ../clib/longlong.s                       0x00000000   Number         0  llushr.o ABSOLUTE
    ../clib/memcpset.s                       0x00000000   Number         0  strcmpv7em.o ABSOLUTE
    ../clib/misc.s                           0x00000000   Number         0  printf_stubs.o ABSOLUTE
    ../clib/printf.c                         0x00000000   Number         0  sprintf.o ABSOLUTE
    ../clib/printf.c                         0x00000000   Number         0  __printf.o ABSOLUTE
    ../clib/printf.c                         0x00000000   Number         0  _printf_pad.o ABSOLUTE
    ../clib/printf.c                         0x00000000   Number         0  _printf_truncate.o ABSOLUTE
    ../clib/printf.c                         0x00000000   Number         0  _printf_str.o ABSOLUTE
    ../clib/printf.c                         0x00000000   Number         0  _printf_dec.o ABSOLUTE
    ../clib/printf.c                         0x00000000   Number         0  _printf_charcount.o ABSOLUTE
    ../clib/printf.c                         0x00000000   Number         0  _printf_char_common.o ABSOLUTE
    ../clib/printf.c                         0x00000000   Number         0  _sputc.o ABSOLUTE
    ../clib/printf.c                         0x00000000   Number         0  _printf_wctomb.o ABSOLUTE
    ../clib/printf.c                         0x00000000   Number         0  _printf_longlong_dec.o ABSOLUTE
    ../clib/printf.c                         0x00000000   Number         0  _printf_oct_ll.o ABSOLUTE
    ../clib/printf.c                         0x00000000   Number         0  _printf_oct_int.o ABSOLUTE
    ../clib/printf.c                         0x00000000   Number         0  _printf_oct_int_ll.o ABSOLUTE
    ../clib/printf.c                         0x00000000   Number         0  _printf_hex_ll.o ABSOLUTE
    ../clib/printf.c                         0x00000000   Number         0  _printf_hex_int.o ABSOLUTE
    ../clib/printf.c                         0x00000000   Number         0  _printf_hex_int_ll.o ABSOLUTE
    ../clib/printf.c                         0x00000000   Number         0  _printf_hex_ptr.o ABSOLUTE
    ../clib/printf.c                         0x00000000   Number         0  _printf_hex_int_ptr.o ABSOLUTE
    ../clib/printf.c                         0x00000000   Number         0  _printf_hex_ll_ptr.o ABSOLUTE
    ../clib/printf.c                         0x00000000   Number         0  _printf_hex_int_ll_ptr.o ABSOLUTE
    ../clib/printf.c                         0x00000000   Number         0  __printf_flags.o ABSOLUTE
    ../clib/printf.c                         0x00000000   Number         0  __printf_ss.o ABSOLUTE
    ../clib/printf.c                         0x00000000   Number         0  __printf_flags_ss.o ABSOLUTE
    ../clib/printf.c                         0x00000000   Number         0  __printf_wp.o ABSOLUTE
    ../clib/printf.c                         0x00000000   Number         0  __printf_flags_wp.o ABSOLUTE
    ../clib/printf.c                         0x00000000   Number         0  __printf_ss_wp.o ABSOLUTE
    ../clib/printf.c                         0x00000000   Number         0  __printf_flags_ss_wp.o ABSOLUTE
    ../clib/printf.c                         0x00000000   Number         0  _printf_intcommon.o ABSOLUTE
    ../clib/printf.c                         0x00000000   Number         0  _printf_fp_dec.o ABSOLUTE
    ../clib/printf.c                         0x00000000   Number         0  _printf_fp_dec_accurate.o ABSOLUTE
    ../clib/printf.c                         0x00000000   Number         0  _printf_fp_hex.o ABSOLUTE
    ../clib/printf.c                         0x00000000   Number         0  __printf_nopercent.o ABSOLUTE
    ../clib/printf.c                         0x00000000   Number         0  _printf_char.o ABSOLUTE
    ../clib/printf.c                         0x00000000   Number         0  _printf_wchar.o ABSOLUTE
    ../clib/printf.c                         0x00000000   Number         0  _printf_fp_infnan.o ABSOLUTE
    ../clib/printf_percent.s                 0x00000000   Number         0  _printf_c.o ABSOLUTE
    ../clib/printf_percent.s                 0x00000000   Number         0  _printf_s.o ABSOLUTE
    ../clib/printf_percent.s                 0x00000000   Number         0  _printf_n.o ABSOLUTE
    ../clib/printf_percent.s                 0x00000000   Number         0  _printf_x.o ABSOLUTE
    ../clib/printf_percent.s                 0x00000000   Number         0  _printf_p.o ABSOLUTE
    ../clib/printf_percent.s                 0x00000000   Number         0  _printf_o.o ABSOLUTE
    ../clib/printf_percent.s                 0x00000000   Number         0  _printf_i.o ABSOLUTE
    ../clib/printf_percent.s                 0x00000000   Number         0  _printf_d.o ABSOLUTE
    ../clib/printf_percent.s                 0x00000000   Number         0  _printf_u.o ABSOLUTE
    ../clib/printf_percent.s                 0x00000000   Number         0  _printf_f.o ABSOLUTE
    ../clib/printf_percent.s                 0x00000000   Number         0  _printf_e.o ABSOLUTE
    ../clib/printf_percent.s                 0x00000000   Number         0  _printf_g.o ABSOLUTE
    ../clib/printf_percent.s                 0x00000000   Number         0  _printf_a.o ABSOLUTE
    ../clib/printf_percent.s                 0x00000000   Number         0  _printf_percent.o ABSOLUTE
    ../clib/printf_percent.s                 0x00000000   Number         0  _printf_lli.o ABSOLUTE
    ../clib/printf_percent.s                 0x00000000   Number         0  _printf_lld.o ABSOLUTE
    ../clib/printf_percent.s                 0x00000000   Number         0  _printf_llu.o ABSOLUTE
    ../clib/printf_percent.s                 0x00000000   Number         0  _printf_ll.o ABSOLUTE
    ../clib/printf_percent.s                 0x00000000   Number         0  _printf_l.o ABSOLUTE
    ../clib/printf_percent.s                 0x00000000   Number         0  _printf_lc.o ABSOLUTE
    ../clib/printf_percent.s                 0x00000000   Number         0  _printf_ls.o ABSOLUTE
    ../clib/printf_percent.s                 0x00000000   Number         0  _printf_llo.o ABSOLUTE
    ../clib/printf_percent.s                 0x00000000   Number         0  _printf_llx.o ABSOLUTE
    ../clib/printf_percent.s                 0x00000000   Number         0  _printf_percent_end.o ABSOLUTE
    ../clib/signal.c                         0x00000000   Number         0  defsig_rtmem_outer.o ABSOLUTE
    ../clib/signal.c                         0x00000000   Number         0  defsig_rtmem_formal.o ABSOLUTE
    ../clib/signal.c                         0x00000000   Number         0  defsig_exit.o ABSOLUTE
    ../clib/signal.c                         0x00000000   Number         0  defsig_rtmem_inner.o ABSOLUTE
    ../clib/signal.c                         0x00000000   Number         0  __raise.o ABSOLUTE
    ../clib/signal.c                         0x00000000   Number         0  defsig_general.o ABSOLUTE
    ../clib/signal.c                         0x00000000   Number         0  defsig_abrt_inner.o ABSOLUTE
    ../clib/signal.c                         0x00000000   Number         0  defsig_fpe_inner.o ABSOLUTE
    ../clib/signal.c                         0x00000000   Number         0  defsig_rtred_inner.o ABSOLUTE
    ../clib/signal.c                         0x00000000   Number         0  defsig_stak_inner.o ABSOLUTE
    ../clib/signal.c                         0x00000000   Number         0  defsig_pvfn_inner.o ABSOLUTE
    ../clib/signal.c                         0x00000000   Number         0  defsig_cppl_inner.o ABSOLUTE
    ../clib/signal.c                         0x00000000   Number         0  defsig_segv_inner.o ABSOLUTE
    ../clib/signal.c                         0x00000000   Number         0  defsig_other.o ABSOLUTE
    ../clib/signal.s                         0x00000000   Number         0  defsig.o ABSOLUTE
    ../clib/stdlib.c                         0x00000000   Number         0  exit.o ABSOLUTE
    ../fplib/fpinit.s                        0x00000000   Number         0  fpinit.o ABSOLUTE
    ../fplib/istatus.s                       0x00000000   Number         0  istatus.o ABSOLUTE
    ../fplib/printf1.s                       0x00000000   Number         0  printf1.o ABSOLUTE
    ../fplib/printf2.s                       0x00000000   Number         0  printf2.o ABSOLUTE
    ../fplib/printf2a.s                      0x00000000   Number         0  printf2a.o ABSOLUTE
    ../fplib/printf2b.s                      0x00000000   Number         0  printf2b.o ABSOLUTE
    ../fplib/usenofp.s                       0x00000000   Number         0  usenofp.o ABSOLUTE
    ../mathlib/fpclassify.c                  0x00000000   Number         0  fpclassify.o ABSOLUTE
    dc.s                                     0x00000000   Number         0  dc.o ABSOLUTE
    gpio.c                                   0x00000000   Number         0  gpio.o ABSOLUTE
    lab3.c                                   0x00000000   Number         0  lab3.o ABSOLUTE
    lcd.c                                    0x00000000   Number         0  lcd.o ABSOLUTE
    main.c                                   0x00000000   Number         0  main.o ABSOLUTE
    motor.c                                  0x00000000   Number         0  motor.o ABSOLUTE
    startup.s                                0x00000000   Number         0  startup.o ABSOLUTE
    timer.c                                  0x00000000   Number         0  timer.o ABSOLUTE
    uart.c                                   0x00000000   Number         0  uart.o ABSOLUTE
    utils.s                                  0x00000000   Number         0  utils.o ABSOLUTE
    RESET                                    0x00000000   Section      560  startup.o(RESET)
    $v0                                      0x00000208   Number         0  startup.o(RESET)
    !!!main                                  0x00000230   Section        8  __main.o(!!!main)
    !!!scatter                               0x00000238   Section       92  __scatter.o(!!!scatter)
    !!handler_null                           0x00000294   Section        2  __scatter.o(!!handler_null)
    !!handler_zi                             0x00000298   Section       28  __scatter_zi.o(!!handler_zi)
    .ARM.Collect$$_printf_percent$$00000000  0x000002b4   Section        0  _printf_percent.o(.ARM.Collect$$_printf_percent$$00000000)
    .ARM.Collect$$_printf_percent$$00000001  0x000002b4   Section        6  _printf_n.o(.ARM.Collect$$_printf_percent$$00000001)
    .ARM.Collect$$_printf_percent$$00000002  0x000002ba   Section        6  _printf_p.o(.ARM.Collect$$_printf_percent$$00000002)
    .ARM.Collect$$_printf_percent$$00000003  0x000002c0   Section        6  _printf_f.o(.ARM.Collect$$_printf_percent$$00000003)
    .ARM.Collect$$_printf_percent$$00000004  0x000002c6   Section        6  _printf_e.o(.ARM.Collect$$_printf_percent$$00000004)
    .ARM.Collect$$_printf_percent$$00000005  0x000002cc   Section        6  _printf_g.o(.ARM.Collect$$_printf_percent$$00000005)
    .ARM.Collect$$_printf_percent$$00000006  0x000002d2   Section        6  _printf_a.o(.ARM.Collect$$_printf_percent$$00000006)
    .ARM.Collect$$_printf_percent$$00000007  0x000002d8   Section       10  _printf_ll.o(.ARM.Collect$$_printf_percent$$00000007)
    .ARM.Collect$$_printf_percent$$00000008  0x000002e2   Section        6  _printf_i.o(.ARM.Collect$$_printf_percent$$00000008)
    .ARM.Collect$$_printf_percent$$00000009  0x000002e8   Section        6  _printf_d.o(.ARM.Collect$$_printf_percent$$00000009)
    .ARM.Collect$$_printf_percent$$0000000A  0x000002ee   Section        6  _printf_u.o(.ARM.Collect$$_printf_percent$$0000000A)
    .ARM.Collect$$_printf_percent$$0000000B  0x000002f4   Section        6  _printf_o.o(.ARM.Collect$$_printf_percent$$0000000B)
    .ARM.Collect$$_printf_percent$$0000000C  0x000002fa   Section        6  _printf_x.o(.ARM.Collect$$_printf_percent$$0000000C)
    .ARM.Collect$$_printf_percent$$0000000D  0x00000300   Section        6  _printf_lli.o(.ARM.Collect$$_printf_percent$$0000000D)
    .ARM.Collect$$_printf_percent$$0000000E  0x00000306   Section        6  _printf_lld.o(.ARM.Collect$$_printf_percent$$0000000E)
    .ARM.Collect$$_printf_percent$$0000000F  0x0000030c   Section        6  _printf_llu.o(.ARM.Collect$$_printf_percent$$0000000F)
    .ARM.Collect$$_printf_percent$$00000010  0x00000312   Section        6  _printf_llo.o(.ARM.Collect$$_printf_percent$$00000010)
    .ARM.Collect$$_printf_percent$$00000011  0x00000318   Section        6  _printf_llx.o(.ARM.Collect$$_printf_percent$$00000011)
    .ARM.Collect$$_printf_percent$$00000012  0x0000031e   Section       10  _printf_l.o(.ARM.Collect$$_printf_percent$$00000012)
    .ARM.Collect$$_printf_percent$$00000013  0x00000328   Section        6  _printf_c.o(.ARM.Collect$$_printf_percent$$00000013)
    .ARM.Collect$$_printf_percent$$00000014  0x0000032e   Section        6  _printf_s.o(.ARM.Collect$$_printf_percent$$00000014)
    .ARM.Collect$$_printf_percent$$00000015  0x00000334   Section        6  _printf_lc.o(.ARM.Collect$$_printf_percent$$00000015)
    .ARM.Collect$$_printf_percent$$00000016  0x0000033a   Section        6  _printf_ls.o(.ARM.Collect$$_printf_percent$$00000016)
    .ARM.Collect$$_printf_percent$$00000017  0x00000340   Section        4  _printf_percent_end.o(.ARM.Collect$$_printf_percent$$00000017)
    .ARM.Collect$$libinit$$00000000          0x00000344   Section        2  libinit.o(.ARM.Collect$$libinit$$00000000)
    .ARM.Collect$$libinit$$00000001          0x00000346   Section        4  libinit2.o(.ARM.Collect$$libinit$$00000001)
    .ARM.Collect$$libinit$$00000004          0x0000034a   Section        0  libinit2.o(.ARM.Collect$$libinit$$00000004)
    .ARM.Collect$$libinit$$00000006          0x0000034a   Section        0  libinit2.o(.ARM.Collect$$libinit$$00000006)
    .ARM.Collect$$libinit$$0000000C          0x0000034a   Section        0  libinit2.o(.ARM.Collect$$libinit$$0000000C)
    .ARM.Collect$$libinit$$0000000E          0x0000034a   Section        0  libinit2.o(.ARM.Collect$$libinit$$0000000E)
    .ARM.Collect$$libinit$$00000010          0x0000034a   Section        0  libinit2.o(.ARM.Collect$$libinit$$00000010)
    .ARM.Collect$$libinit$$00000011          0x0000034a   Section        6  libinit2.o(.ARM.Collect$$libinit$$00000011)
    .ARM.Collect$$libinit$$00000013          0x00000350   Section        0  libinit2.o(.ARM.Collect$$libinit$$00000013)
    .ARM.Collect$$libinit$$00000014          0x00000350   Section       12  libinit2.o(.ARM.Collect$$libinit$$00000014)
    .ARM.Collect$$libinit$$00000015          0x0000035c   Section        0  libinit2.o(.ARM.Collect$$libinit$$00000015)
    .ARM.Collect$$libinit$$00000017          0x0000035c   Section        0  libinit2.o(.ARM.Collect$$libinit$$00000017)
    .ARM.Collect$$libinit$$00000018          0x0000035c   Section       10  libinit2.o(.ARM.Collect$$libinit$$00000018)
    .ARM.Collect$$libinit$$00000019          0x00000366   Section        0  libinit2.o(.ARM.Collect$$libinit$$00000019)
    .ARM.Collect$$libinit$$0000001B          0x00000366   Section        0  libinit2.o(.ARM.Collect$$libinit$$0000001B)
    .ARM.Collect$$libinit$$0000001D          0x00000366   Section        0  libinit2.o(.ARM.Collect$$libinit$$0000001D)
    .ARM.Collect$$libinit$$0000001F          0x00000366   Section        0  libinit2.o(.ARM.Collect$$libinit$$0000001F)
    .ARM.Collect$$libinit$$00000021          0x00000366   Section        0  libinit2.o(.ARM.Collect$$libinit$$00000021)
    .ARM.Collect$$libinit$$00000023          0x00000366   Section        0  libinit2.o(.ARM.Collect$$libinit$$00000023)
    .ARM.Collect$$libinit$$00000025          0x00000366   Section        0  libinit2.o(.ARM.Collect$$libinit$$00000025)
    .ARM.Collect$$libinit$$00000027          0x00000366   Section        0  libinit2.o(.ARM.Collect$$libinit$$00000027)
    .ARM.Collect$$libinit$$0000002E          0x00000366   Section        0  libinit2.o(.ARM.Collect$$libinit$$0000002E)
    .ARM.Collect$$libinit$$00000030          0x00000366   Section        0  libinit2.o(.ARM.Collect$$libinit$$00000030)
    .ARM.Collect$$libinit$$00000032          0x00000366   Section        0  libinit2.o(.ARM.Collect$$libinit$$00000032)
    .ARM.Collect$$libinit$$00000034          0x00000366   Section        0  libinit2.o(.ARM.Collect$$libinit$$00000034)
    .ARM.Collect$$libinit$$00000035          0x00000366   Section        2  libinit2.o(.ARM.Collect$$libinit$$00000035)
    .ARM.Collect$$libshutdown$$00000000      0x00000368   Section        2  libshutdown.o(.ARM.Collect$$libshutdown$$00000000)
    .ARM.Collect$$libshutdown$$00000002      0x0000036a   Section        0  libshutdown2.o(.ARM.Collect$$libshutdown$$00000002)
    .ARM.Collect$$libshutdown$$00000004      0x0000036a   Section        0  libshutdown2.o(.ARM.Collect$$libshutdown$$00000004)
    .ARM.Collect$$libshutdown$$00000007      0x0000036a   Section        0  libshutdown2.o(.ARM.Collect$$libshutdown$$00000007)
    .ARM.Collect$$libshutdown$$0000000A      0x0000036a   Section        0  libshutdown2.o(.ARM.Collect$$libshutdown$$0000000A)
    .ARM.Collect$$libshutdown$$0000000C      0x0000036a   Section        0  libshutdown2.o(.ARM.Collect$$libshutdown$$0000000C)
    .ARM.Collect$$libshutdown$$0000000F      0x0000036a   Section        0  libshutdown2.o(.ARM.Collect$$libshutdown$$0000000F)
    .ARM.Collect$$libshutdown$$00000010      0x0000036a   Section        2  libshutdown2.o(.ARM.Collect$$libshutdown$$00000010)
    .ARM.Collect$$rtentry$$00000000          0x0000036c   Section        0  __rtentry.o(.ARM.Collect$$rtentry$$00000000)
    .ARM.Collect$$rtentry$$00000002          0x0000036c   Section        0  __rtentry2.o(.ARM.Collect$$rtentry$$00000002)
    .ARM.Collect$$rtentry$$00000004          0x0000036c   Section        6  __rtentry4.o(.ARM.Collect$$rtentry$$00000004)
    .ARM.Collect$$rtentry$$00000009          0x00000372   Section        0  __rtentry2.o(.ARM.Collect$$rtentry$$00000009)
    .ARM.Collect$$rtentry$$0000000A          0x00000372   Section        4  __rtentry2.o(.ARM.Collect$$rtentry$$0000000A)
    .ARM.Collect$$rtentry$$0000000C          0x00000376   Section        0  __rtentry2.o(.ARM.Collect$$rtentry$$0000000C)
    .ARM.Collect$$rtentry$$0000000D          0x00000376   Section        8  __rtentry2.o(.ARM.Collect$$rtentry$$0000000D)
    .ARM.Collect$$rtexit$$00000000           0x0000037e   Section        2  rtexit.o(.ARM.Collect$$rtexit$$00000000)
    .ARM.Collect$$rtexit$$00000002           0x00000380   Section        0  rtexit2.o(.ARM.Collect$$rtexit$$00000002)
    .ARM.Collect$$rtexit$$00000003           0x00000380   Section        4  rtexit2.o(.ARM.Collect$$rtexit$$00000003)
    .ARM.Collect$$rtexit$$00000004           0x00000384   Section        6  rtexit2.o(.ARM.Collect$$rtexit$$00000004)
    $v0                                      0x0000038c   Number         0  startup.o(.text)
    .text                                    0x0000038c   Section       48  startup.o(.text)
    $v0                                      0x000003bc   Number         0  utils.o(.text)
    .text                                    0x000003bc   Section      484  utils.o(.text)
    .text                                    0x000005a0   Section        0  sprintf.o(.text)
    .text                                    0x000005cc   Section        0  heapauxi.o(.text)
    .text                                    0x000005d2   Section        0  _printf_pad.o(.text)
    .text                                    0x00000620   Section        0  _printf_truncate.o(.text)
    .text                                    0x00000644   Section        0  _printf_str.o(.text)
    .text                                    0x00000698   Section        0  _printf_dec.o(.text)
    .text                                    0x00000710   Section        0  _printf_charcount.o(.text)
    _printf_input_char                       0x00000739   Thumb Code    10  _printf_char_common.o(.text)
    .text                                    0x00000738   Section        0  _printf_char_common.o(.text)
    .text                                    0x00000768   Section        0  _sputc.o(.text)
    .text                                    0x00000774   Section        0  _printf_wctomb.o(.text)
    .text                                    0x00000830   Section        0  _printf_longlong_dec.o(.text)
    _printf_longlong_oct_internal            0x000008ad   Thumb Code     0  _printf_oct_int_ll.o(.text)
    .text                                    0x000008ac   Section        0  _printf_oct_int_ll.o(.text)
    _printf_hex_common                       0x0000091d   Thumb Code     0  _printf_hex_int_ll_ptr.o(.text)
    .text                                    0x0000091c   Section        0  _printf_hex_int_ll_ptr.o(.text)
    .text                                    0x000009b0   Section        0  __printf_flags_ss_wp.o(.text)
    .text                                    0x00000b38   Section      138  lludiv10.o(.text)
    .text                                    0x00000bc2   Section        0  _printf_intcommon.o(.text)
    _fp_digits                               0x00000c75   Thumb Code   432  _printf_fp_dec.o(.text)
    .text                                    0x00000c74   Section        0  _printf_fp_dec.o(.text)
    .text                                    0x00001090   Section        0  _printf_fp_hex.o(.text)
    .text                                    0x0000138c   Section        0  _printf_char.o(.text)
    .text                                    0x000013b8   Section        0  _printf_wchar.o(.text)
    .text                                    0x000013e4   Section        0  _c16rtomb.o(.text)
    .text                                    0x0000142c   Section       74  sys_stackheap_outer.o(.text)
    .text                                    0x00001478   Section       16  rt_ctype_table.o(.text)
    .text                                    0x00001488   Section        8  rt_locale_intlibspace.o(.text)
    .text                                    0x00001490   Section        0  _printf_fp_infnan.o(.text)
    .text                                    0x00001510   Section        0  bigflt0.o(.text)
    .text                                    0x000015f4   Section        0  exit.o(.text)
    .text                                    0x00001608   Section        8  libspace.o(.text)
    .text                                    0x00001610   Section      124  strcmpv7em.o(.text)
    .text                                    0x0000168c   Section        0  sys_exit.o(.text)
    .text                                    0x00001698   Section        2  use_no_semi.o(.text)
    .text                                    0x0000169a   Section        0  indicate_semi.o(.text)
    [Anonymous Symbol]                       0x0000169c   Section        0  main.o(.text.ADC_Read)
    [Anonymous Symbol]                       0x000016dc   Section        0  gpio.o(.text.GPIOPortJ_Handler)
    [Anonymous Symbol]                       0x0000172c   Section        0  gpio.o(.text.GPIO_Init)
    [Anonymous Symbol]                       0x00001a14   Section        0  motor.o(.text.PWM_SetDutyCycle)
    [Anonymous Symbol]                       0x00001a60   Section        0  timer.o(.text.Set_Contagem_timer)
    [Anonymous Symbol]                       0x00001a74   Section        0  timer.o(.text.Timer0A_Handler)
    [Anonymous Symbol]                       0x00001b0c   Section        0  uart.o(.text.UART0_Available)
    [Anonymous Symbol]                       0x00001b24   Section        0  uart.o(.text.UART0_ReadChar)
    [Anonymous Symbol]                       0x00001b48   Section        0  uart.o(.text.UART0_SendChar)
    [Anonymous Symbol]                       0x00001b78   Section        0  uart.o(.text.UART0_SendString)
    [Anonymous Symbol]                       0x00001b9c   Section        0  gpio.o(.text.initPot)
    [Anonymous Symbol]                       0x00001c1c   Section        0  uart.o(.text.init_uart)
    [Anonymous Symbol]                       0x00001c94   Section        0  main.o(.text.main)
    [Anonymous Symbol]                       0x000020b4   Section        0  lab3.o(.text.set_reset)
    [Anonymous Symbol]                       0x000020c8   Section        0  lab3.o(.text.set_toggle_step)
    [Anonymous Symbol]                       0x000020dc   Section        0  motor.o(.text.vel_control)
    CL$$btod_d2e                             0x0000221c   Section       62  btod.o(CL$$btod_d2e)
    CL$$btod_d2e_denorm_low                  0x0000225a   Section       70  btod.o(CL$$btod_d2e_denorm_low)
    CL$$btod_d2e_norm_op1                    0x000022a0   Section       96  btod.o(CL$$btod_d2e_norm_op1)
    CL$$btod_div_common                      0x00002300   Section      824  btod.o(CL$$btod_div_common)
    CL$$btod_e2e                             0x00002638   Section      220  btod.o(CL$$btod_e2e)
    CL$$btod_ediv                            0x00002714   Section       42  btod.o(CL$$btod_ediv)
    CL$$btod_emul                            0x0000273e   Section       42  btod.o(CL$$btod_emul)
    CL$$btod_mult_common                     0x00002768   Section      580  btod.o(CL$$btod_mult_common)
    i.__ARM_fpclassify                       0x000029ac   Section        0  fpclassify.o(i.__ARM_fpclassify)
    i._is_digit                              0x000029dc   Section        0  __printf_wp.o(i._is_digit)
    locale$$code                             0x000029ec   Section       44  lc_numeric_c.o(locale$$code)
    locale$$code                             0x00002a18   Section       44  lc_ctype_c.o(locale$$code)
    $v0                                      0x00002a44   Number         0  fpinit.o(x$fpl$fpinit)
    x$fpl$fpinit                             0x00002a44   Section       26  fpinit.o(x$fpl$fpinit)
    $v0                                      0x00002a5e   Number         0  printf1.o(x$fpl$printf1)
    x$fpl$printf1                            0x00002a5e   Section        4  printf1.o(x$fpl$printf1)
    $v0                                      0x00002a62   Number         0  printf2.o(x$fpl$printf2)
    x$fpl$printf2                            0x00002a62   Section        4  printf2.o(x$fpl$printf2)
    x$fpl$usenofp                            0x00002a66   Section        0  usenofp.o(x$fpl$usenofp)
    initial_mbstate                          0x00002a68   Data           8  _printf_wctomb.o(.constdata)
    .constdata                               0x00002a68   Section        8  _printf_wctomb.o(.constdata)
    uc_hextab                                0x00002a70   Data          20  _printf_hex_int_ll_ptr.o(.constdata)
    .constdata                               0x00002a70   Section       40  _printf_hex_int_ll_ptr.o(.constdata)
    lc_hextab                                0x00002a84   Data          20  _printf_hex_int_ll_ptr.o(.constdata)
    maptable                                 0x00002a98   Data          17  __printf_flags_ss_wp.o(.constdata)
    .constdata                               0x00002a98   Section       17  __printf_flags_ss_wp.o(.constdata)
    lc_hextab                                0x00002aa9   Data          19  _printf_fp_hex.o(.constdata)
    .constdata                               0x00002aa9   Section       38  _printf_fp_hex.o(.constdata)
    uc_hextab                                0x00002abc   Data          19  _printf_fp_hex.o(.constdata)
    tenpwrs_x                                0x00002ad0   Data          60  bigflt0.o(.constdata)
    .constdata                               0x00002ad0   Section      148  bigflt0.o(.constdata)
    tenpwrs_i                                0x00002b0c   Data          64  bigflt0.o(.constdata)
    .L.str                                   0x00002b64   Data          42  main.o(.rodata.str1.1)
    [Anonymous Symbol]                       0x00002b64   Section        0  main.o(.rodata.str1.1)
    .L.str.6                                 0x00002b8e   Data          43  main.o(.rodata.str1.1)
    .L.str.5                                 0x00002bb9   Data          45  main.o(.rodata.str1.1)
    .L.str.1                                 0x00002be6   Data          51  main.o(.rodata.str1.1)
    .L.str.2                                 0x00002c19   Data          45  main.o(.rodata.str1.1)
    .L.str.3                                 0x00002c46   Data           9  main.o(.rodata.str1.1)
    .L.str.4                                 0x00002c4f   Data          14  main.o(.rodata.str1.1)
    locale$$data                             0x00002c70   Section       28  lc_numeric_c.o(locale$$data)
    __lcnum_c_name                           0x00002c74   Data           2  lc_numeric_c.o(locale$$data)
    __lcnum_c_start                          0x00002c7c   Data           0  lc_numeric_c.o(locale$$data)
    __lcnum_c_point                          0x00002c88   Data           0  lc_numeric_c.o(locale$$data)
    __lcnum_c_thousands                      0x00002c8a   Data           0  lc_numeric_c.o(locale$$data)
    __lcnum_c_grouping                       0x00002c8b   Data           0  lc_numeric_c.o(locale$$data)
    __lcnum_c_end                            0x00002c8c   Data           0  lc_numeric_c.o(locale$$data)
    locale$$data                             0x00002c8c   Section      272  lc_ctype_c.o(locale$$data)
    __lcctype_c_name                         0x00002c90   Data           2  lc_ctype_c.o(locale$$data)
    __lcctype_c_start                        0x00002c98   Data           0  lc_ctype_c.o(locale$$data)
    __lcctype_c_end                          0x00002d9c   Data           0  lc_ctype_c.o(locale$$data)
    .bss                                     0x20000000   Section       96  libspace.o(.bss)
    HeapMem                                  0x20000080   Data           0  startup.o(HEAP)
    StackMem                                 0x20000080   Data           0  startup.o(STACK)
    HEAP                                     0x20000080   Section        0  startup.o(HEAP)
    STACK                                    0x20000080   Section     1024  startup.o(STACK)

    Global Symbols

    Symbol Name                              Value     Ov Type        Size  Object(Section)

    BuildAttributes$$THM_ISAv4$E$P$D$K$B$S$7EM$VFPi3$EXTD16$VFPS$VFMA$PE$A:L22UL41UL21$X:L11$S22US41US21$IEEE1$IW$~IW$USESV6$~STKCKD$USESV7$~SHL$OTIME$ROPI$IEEEJ$EBA8$UX$STANDARDLIB$REQ8$PRES8$EABIv2 0x00000000   Number         0  anon$$obj.o ABSOLUTE
    __Vectors                                0x00000000   Data           0  startup.o(RESET)
    _printf_flags                            0x00000000   Number         0  printf_stubs.o ABSOLUTE
    _printf_return_value                     0x00000000   Number         0  printf_stubs.o ABSOLUTE
    _printf_sizespec                         0x00000000   Number         0  printf_stubs.o ABSOLUTE
    _printf_widthprec                        0x00000000   Number         0  printf_stubs.o ABSOLUTE
    __ARM_exceptions_init                     - Undefined Weak Reference
    __alloca_initialize                       - Undefined Weak Reference
    __arm_preinit_                            - Undefined Weak Reference
    __arm_relocate_pie_                       - Undefined Weak Reference
    __cpp_initialize__aeabi_                  - Undefined Weak Reference
    __cxa_finalize                            - Undefined Weak Reference
    __sigvec_lookup                           - Undefined Weak Reference
    _atexit_init                              - Undefined Weak Reference
    _call_atexit_fns                          - Undefined Weak Reference
    _clock_init                               - Undefined Weak Reference
    _fp_trap_init                             - Undefined Weak Reference
    _fp_trap_shutdown                         - Undefined Weak Reference
    _get_lc_collate                           - Undefined Weak Reference
    _get_lc_monetary                          - Undefined Weak Reference
    _get_lc_time                              - Undefined Weak Reference
    _getenv_init                              - Undefined Weak Reference
    _handle_redirection                       - Undefined Weak Reference
    _init_alloc                               - Undefined Weak Reference
    _init_user_alloc                          - Undefined Weak Reference
    _initio                                   - Undefined Weak Reference
    _printf_mbtowc                            - Undefined Weak Reference
    _printf_wc                                - Undefined Weak Reference
    _rand_init                                - Undefined Weak Reference
    _signal_finish                            - Undefined Weak Reference
    _signal_init                              - Undefined Weak Reference
    _terminate_alloc                          - Undefined Weak Reference
    _terminate_user_alloc                     - Undefined Weak Reference
    _terminateio                              - Undefined Weak Reference
    Reset_Handler                            0x00000209   Thumb Code     0  startup.o(RESET)
    NMI_Handler                              0x0000021d   Thumb Code     2  startup.o(RESET)
    HardFault_Handler                        0x0000021f   Thumb Code     2  startup.o(RESET)
    MemManage_Handler                        0x00000221   Thumb Code     2  startup.o(RESET)
    BusFault_Handler                         0x00000223   Thumb Code     2  startup.o(RESET)
    UsageFault_Handler                       0x00000225   Thumb Code     2  startup.o(RESET)
    SVC_Handler                              0x00000227   Thumb Code     2  startup.o(RESET)
    DebugMon_Handler                         0x00000229   Thumb Code     2  startup.o(RESET)
    PendSV_Handler                           0x0000022b   Thumb Code     2  startup.o(RESET)
    SysTick_Handler                          0x0000022d   Thumb Code     2  startup.o(RESET)
    ADC0Seq0_Handler                         0x0000022f   Thumb Code     0  startup.o(RESET)
    ADC0Seq1_Handler                         0x0000022f   Thumb Code     0  startup.o(RESET)
    ADC0Seq2_Handler                         0x0000022f   Thumb Code     0  startup.o(RESET)
    ADC0Seq3_Handler                         0x0000022f   Thumb Code     0  startup.o(RESET)
    ADC1Seq0_Handler                         0x0000022f   Thumb Code     0  startup.o(RESET)
    ADC1Seq1_Handler                         0x0000022f   Thumb Code     0  startup.o(RESET)
    ADC1Seq2_Handler                         0x0000022f   Thumb Code     0  startup.o(RESET)
    ADC1Seq3_Handler                         0x0000022f   Thumb Code     0  startup.o(RESET)
    CAN0_Handler                             0x0000022f   Thumb Code     0  startup.o(RESET)
    CAN1_Handler                             0x0000022f   Thumb Code     0  startup.o(RESET)
    Comp0_Handler                            0x0000022f   Thumb Code     0  startup.o(RESET)
    Comp1_Handler                            0x0000022f   Thumb Code     0  startup.o(RESET)
    Comp2_Handler                            0x0000022f   Thumb Code     0  startup.o(RESET)
    Ethernet_Handler                         0x0000022f   Thumb Code     0  startup.o(RESET)
    ExtBus_Handler                           0x0000022f   Thumb Code     0  startup.o(RESET)
    FPU_Handler                              0x0000022f   Thumb Code     0  startup.o(RESET)
    FlashCtl_Handler                         0x0000022f   Thumb Code     0  startup.o(RESET)
    GPIOPortA_Handler                        0x0000022f   Thumb Code     0  startup.o(RESET)
    GPIOPortB_Handler                        0x0000022f   Thumb Code     0  startup.o(RESET)
    GPIOPortC_Handler                        0x0000022f   Thumb Code     0  startup.o(RESET)
    GPIOPortD_Handler                        0x0000022f   Thumb Code     0  startup.o(RESET)
    GPIOPortE_Handler                        0x0000022f   Thumb Code     0  startup.o(RESET)
    GPIOPortF_Handler                        0x0000022f   Thumb Code     0  startup.o(RESET)
    GPIOPortG_Handler                        0x0000022f   Thumb Code     0  startup.o(RESET)
    GPIOPortH_Handler                        0x0000022f   Thumb Code     0  startup.o(RESET)
    GPIOPortK_Handler                        0x0000022f   Thumb Code     0  startup.o(RESET)
    GPIOPortL_Handler                        0x0000022f   Thumb Code     0  startup.o(RESET)
    GPIOPortM_Handler                        0x0000022f   Thumb Code     0  startup.o(RESET)
    GPIOPortN_Handler                        0x0000022f   Thumb Code     0  startup.o(RESET)
    GPIOPortP1_Handler                       0x0000022f   Thumb Code     0  startup.o(RESET)
    GPIOPortP2_Handler                       0x0000022f   Thumb Code     0  startup.o(RESET)
    GPIOPortP3_Handler                       0x0000022f   Thumb Code     0  startup.o(RESET)
    GPIOPortP4_Handler                       0x0000022f   Thumb Code     0  startup.o(RESET)
    GPIOPortP5_Handler                       0x0000022f   Thumb Code     0  startup.o(RESET)
    GPIOPortP6_Handler                       0x0000022f   Thumb Code     0  startup.o(RESET)
    GPIOPortP7_Handler                       0x0000022f   Thumb Code     0  startup.o(RESET)
    GPIOPortP_Handler                        0x0000022f   Thumb Code     0  startup.o(RESET)
    GPIOPortQ1_Handler                       0x0000022f   Thumb Code     0  startup.o(RESET)
    GPIOPortQ2_Handler                       0x0000022f   Thumb Code     0  startup.o(RESET)
    GPIOPortQ3_Handler                       0x0000022f   Thumb Code     0  startup.o(RESET)
    GPIOPortQ4_Handler                       0x0000022f   Thumb Code     0  startup.o(RESET)
    GPIOPortQ5_Handler                       0x0000022f   Thumb Code     0  startup.o(RESET)
    GPIOPortQ6_Handler                       0x0000022f   Thumb Code     0  startup.o(RESET)
    GPIOPortQ7_Handler                       0x0000022f   Thumb Code     0  startup.o(RESET)
    GPIOPortQ_Handler                        0x0000022f   Thumb Code     0  startup.o(RESET)
    Hibernate_Handler                        0x0000022f   Thumb Code     0  startup.o(RESET)
    I2C0_Handler                             0x0000022f   Thumb Code     0  startup.o(RESET)
    I2C1_Handler                             0x0000022f   Thumb Code     0  startup.o(RESET)
    I2C2_Handler                             0x0000022f   Thumb Code     0  startup.o(RESET)
    I2C3_Handler                             0x0000022f   Thumb Code     0  startup.o(RESET)
    I2C4_Handler                             0x0000022f   Thumb Code     0  startup.o(RESET)
    I2C5_Handler                             0x0000022f   Thumb Code     0  startup.o(RESET)
    I2C6_Handler                             0x0000022f   Thumb Code     0  startup.o(RESET)
    I2C7_Handler                             0x0000022f   Thumb Code     0  startup.o(RESET)
    I2C8_Handler                             0x0000022f   Thumb Code     0  startup.o(RESET)
    I2C9_Handler                             0x0000022f   Thumb Code     0  startup.o(RESET)
    PWM0Fault_Handler                        0x0000022f   Thumb Code     0  startup.o(RESET)
    PWM0Generator0_Handler                   0x0000022f   Thumb Code     0  startup.o(RESET)
    PWM0Generator1_Handler                   0x0000022f   Thumb Code     0  startup.o(RESET)
    PWM0Generator2_Handler                   0x0000022f   Thumb Code     0  startup.o(RESET)
    PWM0Generator3_Handler                   0x0000022f   Thumb Code     0  startup.o(RESET)
    Quadrature0_Handler                      0x0000022f   Thumb Code     0  startup.o(RESET)
    SSI0_Handler                             0x0000022f   Thumb Code     0  startup.o(RESET)
    SSI1_Handler                             0x0000022f   Thumb Code     0  startup.o(RESET)
    SSI2_Handler                             0x0000022f   Thumb Code     0  startup.o(RESET)
    SSI3_Handler                             0x0000022f   Thumb Code     0  startup.o(RESET)
    SysCtl_Handler                           0x0000022f   Thumb Code     0  startup.o(RESET)
    Tamper_Handler                           0x0000022f   Thumb Code     0  startup.o(RESET)
    Timer0B_Handler                          0x0000022f   Thumb Code     0  startup.o(RESET)
    Timer1A_Handler                          0x0000022f   Thumb Code     0  startup.o(RESET)
    Timer1B_Handler                          0x0000022f   Thumb Code     0  startup.o(RESET)
    Timer2A_Handler                          0x0000022f   Thumb Code     0  startup.o(RESET)
    Timer2B_Handler                          0x0000022f   Thumb Code     0  startup.o(RESET)
    Timer3A_Handler                          0x0000022f   Thumb Code     0  startup.o(RESET)
    Timer3B_Handler                          0x0000022f   Thumb Code     0  startup.o(RESET)
    Timer4A_Handler                          0x0000022f   Thumb Code     0  startup.o(RESET)
    Timer4B_Handler                          0x0000022f   Thumb Code     0  startup.o(RESET)
    Timer5A_Handler                          0x0000022f   Thumb Code     0  startup.o(RESET)
    Timer5B_Handler                          0x0000022f   Thumb Code     0  startup.o(RESET)
    Timer6A_Handler                          0x0000022f   Thumb Code     0  startup.o(RESET)
    Timer6B_Handler                          0x0000022f   Thumb Code     0  startup.o(RESET)
    Timer7A_Handler                          0x0000022f   Thumb Code     0  startup.o(RESET)
    Timer7B_Handler                          0x0000022f   Thumb Code     0  startup.o(RESET)
    UART0_Handler                            0x0000022f   Thumb Code     0  startup.o(RESET)
    UART1_Handler                            0x0000022f   Thumb Code     0  startup.o(RESET)
    UART2_Handler                            0x0000022f   Thumb Code     0  startup.o(RESET)
    UART3_Handler                            0x0000022f   Thumb Code     0  startup.o(RESET)
    UART4_Handler                            0x0000022f   Thumb Code     0  startup.o(RESET)
    UART5_Handler                            0x0000022f   Thumb Code     0  startup.o(RESET)
    UART6_Handler                            0x0000022f   Thumb Code     0  startup.o(RESET)
    UART7_Handler                            0x0000022f   Thumb Code     0  startup.o(RESET)
    USB0_Handler                             0x0000022f   Thumb Code     0  startup.o(RESET)
    WDT_Handler                              0x0000022f   Thumb Code     0  startup.o(RESET)
    uDMA_Error                               0x0000022f   Thumb Code     0  startup.o(RESET)
    uDMA_Handler                             0x0000022f   Thumb Code     0  startup.o(RESET)
    __main                                   0x00000231   Thumb Code     8  __main.o(!!!main)
    __scatterload                            0x00000239   Thumb Code     0  __scatter.o(!!!scatter)
    __scatterload_rt2                        0x00000239   Thumb Code    84  __scatter.o(!!!scatter)
    __scatterload_rt2_thumb_only             0x00000239   Thumb Code     0  __scatter.o(!!!scatter)
    __scatterload_loop                       0x00000243   Thumb Code     0  __scatter.o(!!!scatter)
    __scatterload_null                       0x00000295   Thumb Code     2  __scatter.o(!!handler_null)
    __scatterload_zeroinit                   0x00000299   Thumb Code    28  __scatter_zi.o(!!handler_zi)
    _printf_n                                0x000002b5   Thumb Code     0  _printf_n.o(.ARM.Collect$$_printf_percent$$00000001)
    _printf_percent                          0x000002b5   Thumb Code     0  _printf_percent.o(.ARM.Collect$$_printf_percent$$00000000)
    _printf_p                                0x000002bb   Thumb Code     0  _printf_p.o(.ARM.Collect$$_printf_percent$$00000002)
    _printf_f                                0x000002c1   Thumb Code     0  _printf_f.o(.ARM.Collect$$_printf_percent$$00000003)
    _printf_e                                0x000002c7   Thumb Code     0  _printf_e.o(.ARM.Collect$$_printf_percent$$00000004)
    _printf_g                                0x000002cd   Thumb Code     0  _printf_g.o(.ARM.Collect$$_printf_percent$$00000005)
    _printf_a                                0x000002d3   Thumb Code     0  _printf_a.o(.ARM.Collect$$_printf_percent$$00000006)
    _printf_ll                               0x000002d9   Thumb Code     0  _printf_ll.o(.ARM.Collect$$_printf_percent$$00000007)
    _printf_i                                0x000002e3   Thumb Code     0  _printf_i.o(.ARM.Collect$$_printf_percent$$00000008)
    _printf_d                                0x000002e9   Thumb Code     0  _printf_d.o(.ARM.Collect$$_printf_percent$$00000009)
    _printf_u                                0x000002ef   Thumb Code     0  _printf_u.o(.ARM.Collect$$_printf_percent$$0000000A)
    _printf_o                                0x000002f5   Thumb Code     0  _printf_o.o(.ARM.Collect$$_printf_percent$$0000000B)
    _printf_x                                0x000002fb   Thumb Code     0  _printf_x.o(.ARM.Collect$$_printf_percent$$0000000C)
    _printf_lli                              0x00000301   Thumb Code     0  _printf_lli.o(.ARM.Collect$$_printf_percent$$0000000D)
    _printf_lld                              0x00000307   Thumb Code     0  _printf_lld.o(.ARM.Collect$$_printf_percent$$0000000E)
    _printf_llu                              0x0000030d   Thumb Code     0  _printf_llu.o(.ARM.Collect$$_printf_percent$$0000000F)
    _printf_llo                              0x00000313   Thumb Code     0  _printf_llo.o(.ARM.Collect$$_printf_percent$$00000010)
    _printf_llx                              0x00000319   Thumb Code     0  _printf_llx.o(.ARM.Collect$$_printf_percent$$00000011)
    _printf_l                                0x0000031f   Thumb Code     0  _printf_l.o(.ARM.Collect$$_printf_percent$$00000012)
    _printf_c                                0x00000329   Thumb Code     0  _printf_c.o(.ARM.Collect$$_printf_percent$$00000013)
    _printf_s                                0x0000032f   Thumb Code     0  _printf_s.o(.ARM.Collect$$_printf_percent$$00000014)
    _printf_lc                               0x00000335   Thumb Code     0  _printf_lc.o(.ARM.Collect$$_printf_percent$$00000015)
    _printf_ls                               0x0000033b   Thumb Code     0  _printf_ls.o(.ARM.Collect$$_printf_percent$$00000016)
    _printf_percent_end                      0x00000341   Thumb Code     0  _printf_percent_end.o(.ARM.Collect$$_printf_percent$$00000017)
    __rt_lib_init                            0x00000345   Thumb Code     0  libinit.o(.ARM.Collect$$libinit$$00000000)
    __rt_lib_init_fp_1                       0x00000347   Thumb Code     0  libinit2.o(.ARM.Collect$$libinit$$00000001)
    __rt_lib_init_heap_1                     0x0000034b   Thumb Code     0  libinit2.o(.ARM.Collect$$libinit$$0000000C)
    __rt_lib_init_lc_common                  0x0000034b   Thumb Code     0  libinit2.o(.ARM.Collect$$libinit$$00000011)
    __rt_lib_init_preinit_1                  0x0000034b   Thumb Code     0  libinit2.o(.ARM.Collect$$libinit$$00000006)
    __rt_lib_init_rand_1                     0x0000034b   Thumb Code     0  libinit2.o(.ARM.Collect$$libinit$$00000010)
    __rt_lib_init_relocate_pie_1             0x0000034b   Thumb Code     0  libinit2.o(.ARM.Collect$$libinit$$00000004)
    __rt_lib_init_user_alloc_1               0x0000034b   Thumb Code     0  libinit2.o(.ARM.Collect$$libinit$$0000000E)
    __rt_lib_init_lc_collate_1               0x00000351   Thumb Code     0  libinit2.o(.ARM.Collect$$libinit$$00000013)
    __rt_lib_init_lc_ctype_2                 0x00000351   Thumb Code     0  libinit2.o(.ARM.Collect$$libinit$$00000014)
    __rt_lib_init_lc_ctype_1                 0x0000035d   Thumb Code     0  libinit2.o(.ARM.Collect$$libinit$$00000015)
    __rt_lib_init_lc_monetary_1              0x0000035d   Thumb Code     0  libinit2.o(.ARM.Collect$$libinit$$00000017)
    __rt_lib_init_lc_numeric_2               0x0000035d   Thumb Code     0  libinit2.o(.ARM.Collect$$libinit$$00000018)
    __rt_lib_init_alloca_1                   0x00000367   Thumb Code     0  libinit2.o(.ARM.Collect$$libinit$$00000030)
    __rt_lib_init_argv_1                     0x00000367   Thumb Code     0  libinit2.o(.ARM.Collect$$libinit$$0000002E)
    __rt_lib_init_atexit_1                   0x00000367   Thumb Code     0  libinit2.o(.ARM.Collect$$libinit$$0000001D)
    __rt_lib_init_clock_1                    0x00000367   Thumb Code     0  libinit2.o(.ARM.Collect$$libinit$$00000023)
    __rt_lib_init_cpp_1                      0x00000367   Thumb Code     0  libinit2.o(.ARM.Collect$$libinit$$00000034)
    __rt_lib_init_exceptions_1               0x00000367   Thumb Code     0  libinit2.o(.ARM.Collect$$libinit$$00000032)
    __rt_lib_init_fp_trap_1                  0x00000367   Thumb Code     0  libinit2.o(.ARM.Collect$$libinit$$00000021)
    __rt_lib_init_getenv_1                   0x00000367   Thumb Code     0  libinit2.o(.ARM.Collect$$libinit$$00000025)
    __rt_lib_init_lc_numeric_1               0x00000367   Thumb Code     0  libinit2.o(.ARM.Collect$$libinit$$00000019)
    __rt_lib_init_lc_time_1                  0x00000367   Thumb Code     0  libinit2.o(.ARM.Collect$$libinit$$0000001B)
    __rt_lib_init_return                     0x00000367   Thumb Code     0  libinit2.o(.ARM.Collect$$libinit$$00000035)
    __rt_lib_init_signal_1                   0x00000367   Thumb Code     0  libinit2.o(.ARM.Collect$$libinit$$0000001F)
    __rt_lib_init_stdio_1                    0x00000367   Thumb Code     0  libinit2.o(.ARM.Collect$$libinit$$00000027)
    __rt_lib_shutdown                        0x00000369   Thumb Code     0  libshutdown.o(.ARM.Collect$$libshutdown$$00000000)
    __rt_lib_shutdown_cpp_1                  0x0000036b   Thumb Code     0  libshutdown2.o(.ARM.Collect$$libshutdown$$00000002)
    __rt_lib_shutdown_fp_trap_1              0x0000036b   Thumb Code     0  libshutdown2.o(.ARM.Collect$$libshutdown$$00000007)
    __rt_lib_shutdown_heap_1                 0x0000036b   Thumb Code     0  libshutdown2.o(.ARM.Collect$$libshutdown$$0000000F)
    __rt_lib_shutdown_return                 0x0000036b   Thumb Code     0  libshutdown2.o(.ARM.Collect$$libshutdown$$00000010)
    __rt_lib_shutdown_signal_1               0x0000036b   Thumb Code     0  libshutdown2.o(.ARM.Collect$$libshutdown$$0000000A)
    __rt_lib_shutdown_stdio_1                0x0000036b   Thumb Code     0  libshutdown2.o(.ARM.Collect$$libshutdown$$00000004)
    __rt_lib_shutdown_user_alloc_1           0x0000036b   Thumb Code     0  libshutdown2.o(.ARM.Collect$$libshutdown$$0000000C)
    __rt_entry                               0x0000036d   Thumb Code     0  __rtentry.o(.ARM.Collect$$rtentry$$00000000)
    __rt_entry_presh_1                       0x0000036d   Thumb Code     0  __rtentry2.o(.ARM.Collect$$rtentry$$00000002)
    __rt_entry_sh                            0x0000036d   Thumb Code     0  __rtentry4.o(.ARM.Collect$$rtentry$$00000004)
    __rt_entry_li                            0x00000373   Thumb Code     0  __rtentry2.o(.ARM.Collect$$rtentry$$0000000A)
    __rt_entry_postsh_1                      0x00000373   Thumb Code     0  __rtentry2.o(.ARM.Collect$$rtentry$$00000009)
    __rt_entry_main                          0x00000377   Thumb Code     0  __rtentry2.o(.ARM.Collect$$rtentry$$0000000D)
    __rt_entry_postli_1                      0x00000377   Thumb Code     0  __rtentry2.o(.ARM.Collect$$rtentry$$0000000C)
    __rt_exit                                0x0000037f   Thumb Code     0  rtexit.o(.ARM.Collect$$rtexit$$00000000)
    __rt_exit_ls                             0x00000381   Thumb Code     0  rtexit2.o(.ARM.Collect$$rtexit$$00000003)
    __rt_exit_prels_1                        0x00000381   Thumb Code     0  rtexit2.o(.ARM.Collect$$rtexit$$00000002)
    __rt_exit_exit                           0x00000385   Thumb Code     0  rtexit2.o(.ARM.Collect$$rtexit$$00000004)
    DisableInterrupts                        0x0000038d   Thumb Code     0  startup.o(.text)
    EnableInterrupts                         0x00000391   Thumb Code     0  startup.o(.text)
    StartCritical                            0x00000395   Thumb Code     0  startup.o(.text)
    EndCritical                              0x0000039d   Thumb Code     0  startup.o(.text)
    WaitForInterrupt                         0x000003a3   Thumb Code     0  startup.o(.text)
    __user_initial_stackheap                 0x000003a7   Thumb Code     0  startup.o(.text)
    PLL_Init                                 0x000003bd   Thumb Code     0  utils.o(.text)
    SysTick_Init                             0x000004e5   Thumb Code     0  utils.o(.text)
    SysTick_Wait1ms                          0x0000051f   Thumb Code     0  utils.o(.text)
    SysTick_Wait1us                          0x00000531   Thumb Code     0  utils.o(.text)
    sprintf                                  0x000005a1   Thumb Code    38  sprintf.o(.text)
    __use_two_region_memory                  0x000005cd   Thumb Code     2  heapauxi.o(.text)
    __rt_heap_escrow$2region                 0x000005cf   Thumb Code     2  heapauxi.o(.text)
    __rt_heap_expand$2region                 0x000005d1   Thumb Code     2  heapauxi.o(.text)
    _printf_pre_padding                      0x000005d3   Thumb Code    44  _printf_pad.o(.text)
    _printf_post_padding                     0x000005ff   Thumb Code    34  _printf_pad.o(.text)
    _printf_truncate_signed                  0x00000621   Thumb Code    18  _printf_truncate.o(.text)
    _printf_truncate_unsigned                0x00000633   Thumb Code    18  _printf_truncate.o(.text)
    _printf_str                              0x00000645   Thumb Code    82  _printf_str.o(.text)
    _printf_int_dec                          0x00000699   Thumb Code   104  _printf_dec.o(.text)
    _printf_charcount                        0x00000711   Thumb Code    40  _printf_charcount.o(.text)
    _printf_char_common                      0x00000743   Thumb Code    32  _printf_char_common.o(.text)
    _sputc                                   0x00000769   Thumb Code    10  _sputc.o(.text)
    _printf_wctomb                           0x00000775   Thumb Code   182  _printf_wctomb.o(.text)
    _printf_longlong_dec                     0x00000831   Thumb Code   108  _printf_longlong_dec.o(.text)
    _printf_longlong_oct                     0x000008ad   Thumb Code    68  _printf_oct_int_ll.o(.text)
    _printf_int_oct                          0x000008f1   Thumb Code    24  _printf_oct_int_ll.o(.text)
    _printf_ll_oct                           0x00000909   Thumb Code    12  _printf_oct_int_ll.o(.text)
    _printf_longlong_hex                     0x0000091d   Thumb Code    86  _printf_hex_int_ll_ptr.o(.text)
    _printf_int_hex                          0x00000973   Thumb Code    28  _printf_hex_int_ll_ptr.o(.text)
    _printf_ll_hex                           0x0000098f   Thumb Code    12  _printf_hex_int_ll_ptr.o(.text)
    _printf_hex_ptr                          0x0000099b   Thumb Code    18  _printf_hex_int_ll_ptr.o(.text)
    __printf                                 0x000009b1   Thumb Code   388  __printf_flags_ss_wp.o(.text)
    _ll_udiv10                               0x00000b39   Thumb Code   138  lludiv10.o(.text)
    _printf_int_common                       0x00000bc3   Thumb Code   178  _printf_intcommon.o(.text)
    _printf_fp_dec_real                      0x00000e25   Thumb Code   620  _printf_fp_dec.o(.text)
    _printf_fp_hex_real                      0x00001091   Thumb Code   756  _printf_fp_hex.o(.text)
    _printf_cs_common                        0x0000138d   Thumb Code    20  _printf_char.o(.text)
    _printf_char                             0x000013a1   Thumb Code    16  _printf_char.o(.text)
    _printf_string                           0x000013b1   Thumb Code     8  _printf_char.o(.text)
    _printf_lcs_common                       0x000013b9   Thumb Code    20  _printf_wchar.o(.text)
    _printf_wchar                            0x000013cd   Thumb Code    16  _printf_wchar.o(.text)
    _printf_wstring                          0x000013dd   Thumb Code     8  _printf_wchar.o(.text)
    _c16rtomb                                0x000013e5   Thumb Code    72  _c16rtomb.o(.text)
    _wcrtomb                                 0x000013e5   Thumb Code     0  _c16rtomb.o(.text)
    __user_setup_stackheap                   0x0000142d   Thumb Code    74  sys_stackheap_outer.o(.text)
    __rt_ctype_table                         0x00001479   Thumb Code    16  rt_ctype_table.o(.text)
    __rt_locale                              0x00001489   Thumb Code     8  rt_locale_intlibspace.o(.text)
    _printf_fp_infnan                        0x00001491   Thumb Code   112  _printf_fp_infnan.o(.text)
    _btod_etento                             0x00001511   Thumb Code   224  bigflt0.o(.text)
    exit                                     0x000015f5   Thumb Code    18  exit.o(.text)
    __user_libspace                          0x00001609   Thumb Code     8  libspace.o(.text)
    __user_perproc_libspace                  0x00001609   Thumb Code     0  libspace.o(.text)
    __user_perthread_libspace                0x00001609   Thumb Code     0  libspace.o(.text)
    strcmp                                   0x00001611   Thumb Code   124  strcmpv7em.o(.text)
    _sys_exit                                0x0000168d   Thumb Code     8  sys_exit.o(.text)
    __I$use$semihosting                      0x00001699   Thumb Code     0  use_no_semi.o(.text)
    __use_no_semihosting_swi                 0x00001699   Thumb Code     2  use_no_semi.o(.text)
    __semihosting_library_function           0x0000169b   Thumb Code     0  indicate_semi.o(.text)
    ADC_Read                                 0x0000169d   Thumb Code    64  main.o(.text.ADC_Read)
    GPIOPortJ_Handler                        0x000016dd   Thumb Code    78  gpio.o(.text.GPIOPortJ_Handler)
    GPIO_Init                                0x0000172d   Thumb Code   744  gpio.o(.text.GPIO_Init)
    PWM_SetDutyCycle                         0x00001a15   Thumb Code    76  motor.o(.text.PWM_SetDutyCycle)
    Set_Contagem_timer                       0x00001a61   Thumb Code    18  timer.o(.text.Set_Contagem_timer)
    Timer0A_Handler                          0x00001a75   Thumb Code   150  timer.o(.text.Timer0A_Handler)
    UART0_Available                          0x00001b0d   Thumb Code    22  uart.o(.text.UART0_Available)
    UART0_ReadChar                           0x00001b25   Thumb Code    36  uart.o(.text.UART0_ReadChar)
    UART0_SendChar                           0x00001b49   Thumb Code    46  uart.o(.text.UART0_SendChar)
    UART0_SendString                         0x00001b79   Thumb Code    34  uart.o(.text.UART0_SendString)
    initPot                                  0x00001b9d   Thumb Code   128  gpio.o(.text.initPot)
    init_uart                                0x00001c1d   Thumb Code   118  uart.o(.text.init_uart)
    main                                     0x00001c95   Thumb Code  1056  main.o(.text.main)
    set_reset                                0x000020b5   Thumb Code    20  lab3.o(.text.set_reset)
    set_toggle_step                          0x000020c9   Thumb Code    20  lab3.o(.text.set_toggle_step)
    vel_control                              0x000020dd   Thumb Code   320  motor.o(.text.vel_control)
    _btod_d2e                                0x0000221d   Thumb Code    62  btod.o(CL$$btod_d2e)
    _d2e_denorm_low                          0x0000225b   Thumb Code    70  btod.o(CL$$btod_d2e_denorm_low)
    _d2e_norm_op1                            0x000022a1   Thumb Code    96  btod.o(CL$$btod_d2e_norm_op1)
    __btod_div_common                        0x00002301   Thumb Code   696  btod.o(CL$$btod_div_common)
    _e2e                                     0x00002639   Thumb Code   220  btod.o(CL$$btod_e2e)
    _btod_ediv                               0x00002715   Thumb Code    42  btod.o(CL$$btod_ediv)
    _btod_emul                               0x0000273f   Thumb Code    42  btod.o(CL$$btod_emul)
    __btod_mult_common                       0x00002769   Thumb Code   580  btod.o(CL$$btod_mult_common)
    __ARM_fpclassify                         0x000029ad   Thumb Code    48  fpclassify.o(i.__ARM_fpclassify)
    _is_digit                                0x000029dd   Thumb Code    14  __printf_wp.o(i._is_digit)
    _get_lc_numeric                          0x000029ed   Thumb Code    44  lc_numeric_c.o(locale$$code)
    _get_lc_ctype                            0x00002a19   Thumb Code    44  lc_ctype_c.o(locale$$code)
    _fp_init                                 0x00002a45   Thumb Code    26  fpinit.o(x$fpl$fpinit)
    __fplib_config_fpu_vfp                   0x00002a5d   Thumb Code     0  fpinit.o(x$fpl$fpinit)
    __fplib_config_pureend_doubles           0x00002a5d   Thumb Code     0  fpinit.o(x$fpl$fpinit)
    _printf_fp_dec                           0x00002a5f   Thumb Code     4  printf1.o(x$fpl$printf1)
    _printf_fp_hex                           0x00002a63   Thumb Code     4  printf2.o(x$fpl$printf2)
    __I$use$fp                               0x00002a66   Number         0  usenofp.o(x$fpl$usenofp)
    Region$$Table$$Base                      0x00002c60   Number         0  anon$$obj.o(Region$$Table)
    Region$$Table$$Limit                     0x00002c70   Number         0  anon$$obj.o(Region$$Table)
    __ctype                                  0x00002c99   Data           0  lc_ctype_c.o(locale$$data)
    __libspace_start                         0x20000000   Data          96  libspace.o(.bss)
    __temporary_stack_top$libspace           0x20000060   Data           0  libspace.o(.bss)
    direction                                0x20000060   Data           1  main.o(.bss.direction)
    direction_target                         0x20000061   Data           1  main.o(.bss.direction_target)
    programState                             0x20000064   Data           4  main.o(.bss.programState)
    pwm_duty_cycle                           0x20000068   Data           4  main.o(.bss.pwm_duty_cycle)
    pwm_duty_cycle_target                    0x2000006c   Data           4  main.o(.bss.pwm_duty_cycle_target)
    pwm_high                                 0x20000070   Data           1  main.o(.bss.pwm_high)
    reset                                    0x20000074   Data           4  lab3.o(.bss.reset)
    toggle_step                              0x20000078   Data           4  lab3.o(.bss.toggle_step)



==============================================================================

Memory Map of the image

  Image Entry point : 0x00000209

  Load Region LR_1 (Base: 0x00000000, Size: 0x00002d9c, Max: 0xffffffff, ABSOLUTE)

    Execution Region ER_RO (Exec base: 0x00000000, Load base: 0x00000000, Size: 0x00002d9c, Max: 0xffffffff, ABSOLUTE)

    Exec Addr    Load Addr    Size         Type   Attr      Idx    E Section Name        Object

    0x00000000   0x00000000   0x00000230   Code   RO            3  * RESET               startup.o
    0x00000230   0x00000230   0x00000008   Code   RO          153  * !!!main             c_w.l(__main.o)
    0x00000238   0x00000238   0x0000005c   Code   RO          490    !!!scatter          c_w.l(__scatter.o)
    0x00000294   0x00000294   0x00000002   Code   RO          491    !!handler_null      c_w.l(__scatter.o)
    0x00000296   0x00000296   0x00000002   PAD
    0x00000298   0x00000298   0x0000001c   Code   RO          494    !!handler_zi        c_w.l(__scatter_zi.o)
    0x000002b4   0x000002b4   0x00000000   Code   RO          237    .ARM.Collect$$_printf_percent$$00000000  c_w.l(_printf_percent.o)
    0x000002b4   0x000002b4   0x00000006   Code   RO          226    .ARM.Collect$$_printf_percent$$00000001  c_w.l(_printf_n.o)
    0x000002ba   0x000002ba   0x00000006   Code   RO          228    .ARM.Collect$$_printf_percent$$00000002  c_w.l(_printf_p.o)
    0x000002c0   0x000002c0   0x00000006   Code   RO          233    .ARM.Collect$$_printf_percent$$00000003  c_w.l(_printf_f.o)
    0x000002c6   0x000002c6   0x00000006   Code   RO          234    .ARM.Collect$$_printf_percent$$00000004  c_w.l(_printf_e.o)
    0x000002cc   0x000002cc   0x00000006   Code   RO          235    .ARM.Collect$$_printf_percent$$00000005  c_w.l(_printf_g.o)
    0x000002d2   0x000002d2   0x00000006   Code   RO          236    .ARM.Collect$$_printf_percent$$00000006  c_w.l(_printf_a.o)
    0x000002d8   0x000002d8   0x0000000a   Code   RO          241    .ARM.Collect$$_printf_percent$$00000007  c_w.l(_printf_ll.o)
    0x000002e2   0x000002e2   0x00000006   Code   RO          230    .ARM.Collect$$_printf_percent$$00000008  c_w.l(_printf_i.o)
    0x000002e8   0x000002e8   0x00000006   Code   RO          231    .ARM.Collect$$_printf_percent$$00000009  c_w.l(_printf_d.o)
    0x000002ee   0x000002ee   0x00000006   Code   RO          232    .ARM.Collect$$_printf_percent$$0000000A  c_w.l(_printf_u.o)
    0x000002f4   0x000002f4   0x00000006   Code   RO          229    .ARM.Collect$$_printf_percent$$0000000B  c_w.l(_printf_o.o)
    0x000002fa   0x000002fa   0x00000006   Code   RO          227    .ARM.Collect$$_printf_percent$$0000000C  c_w.l(_printf_x.o)
    0x00000300   0x00000300   0x00000006   Code   RO          238    .ARM.Collect$$_printf_percent$$0000000D  c_w.l(_printf_lli.o)
    0x00000306   0x00000306   0x00000006   Code   RO          239    .ARM.Collect$$_printf_percent$$0000000E  c_w.l(_printf_lld.o)
    0x0000030c   0x0000030c   0x00000006   Code   RO          240    .ARM.Collect$$_printf_percent$$0000000F  c_w.l(_printf_llu.o)
    0x00000312   0x00000312   0x00000006   Code   RO          245    .ARM.Collect$$_printf_percent$$00000010  c_w.l(_printf_llo.o)
    0x00000318   0x00000318   0x00000006   Code   RO          246    .ARM.Collect$$_printf_percent$$00000011  c_w.l(_printf_llx.o)
    0x0000031e   0x0000031e   0x0000000a   Code   RO          242    .ARM.Collect$$_printf_percent$$00000012  c_w.l(_printf_l.o)
    0x00000328   0x00000328   0x00000006   Code   RO          224    .ARM.Collect$$_printf_percent$$00000013  c_w.l(_printf_c.o)
    0x0000032e   0x0000032e   0x00000006   Code   RO          225    .ARM.Collect$$_printf_percent$$00000014  c_w.l(_printf_s.o)
    0x00000334   0x00000334   0x00000006   Code   RO          243    .ARM.Collect$$_printf_percent$$00000015  c_w.l(_printf_lc.o)
    0x0000033a   0x0000033a   0x00000006   Code   RO          244    .ARM.Collect$$_printf_percent$$00000016  c_w.l(_printf_ls.o)
    0x00000340   0x00000340   0x00000004   Code   RO          287    .ARM.Collect$$_printf_percent$$00000017  c_w.l(_printf_percent_end.o)
    0x00000344   0x00000344   0x00000002   Code   RO          338    .ARM.Collect$$libinit$$00000000  c_w.l(libinit.o)
    0x00000346   0x00000346   0x00000004   Code   RO          356    .ARM.Collect$$libinit$$00000001  c_w.l(libinit2.o)
    0x0000034a   0x0000034a   0x00000000   Code   RO          359    .ARM.Collect$$libinit$$00000004  c_w.l(libinit2.o)
    0x0000034a   0x0000034a   0x00000000   Code   RO          361    .ARM.Collect$$libinit$$00000006  c_w.l(libinit2.o)
    0x0000034a   0x0000034a   0x00000000   Code   RO          364    .ARM.Collect$$libinit$$0000000C  c_w.l(libinit2.o)
    0x0000034a   0x0000034a   0x00000000   Code   RO          366    .ARM.Collect$$libinit$$0000000E  c_w.l(libinit2.o)
    0x0000034a   0x0000034a   0x00000000   Code   RO          368    .ARM.Collect$$libinit$$00000010  c_w.l(libinit2.o)
    0x0000034a   0x0000034a   0x00000006   Code   RO          369    .ARM.Collect$$libinit$$00000011  c_w.l(libinit2.o)
    0x00000350   0x00000350   0x00000000   Code   RO          371    .ARM.Collect$$libinit$$00000013  c_w.l(libinit2.o)
    0x00000350   0x00000350   0x0000000c   Code   RO          372    .ARM.Collect$$libinit$$00000014  c_w.l(libinit2.o)
    0x0000035c   0x0000035c   0x00000000   Code   RO          373    .ARM.Collect$$libinit$$00000015  c_w.l(libinit2.o)
    0x0000035c   0x0000035c   0x00000000   Code   RO          375    .ARM.Collect$$libinit$$00000017  c_w.l(libinit2.o)
    0x0000035c   0x0000035c   0x0000000a   Code   RO          376    .ARM.Collect$$libinit$$00000018  c_w.l(libinit2.o)
    0x00000366   0x00000366   0x00000000   Code   RO          377    .ARM.Collect$$libinit$$00000019  c_w.l(libinit2.o)
    0x00000366   0x00000366   0x00000000   Code   RO          379    .ARM.Collect$$libinit$$0000001B  c_w.l(libinit2.o)
    0x00000366   0x00000366   0x00000000   Code   RO          381    .ARM.Collect$$libinit$$0000001D  c_w.l(libinit2.o)
    0x00000366   0x00000366   0x00000000   Code   RO          383    .ARM.Collect$$libinit$$0000001F  c_w.l(libinit2.o)
    0x00000366   0x00000366   0x00000000   Code   RO          385    .ARM.Collect$$libinit$$00000021  c_w.l(libinit2.o)
    0x00000366   0x00000366   0x00000000   Code   RO          387    .ARM.Collect$$libinit$$00000023  c_w.l(libinit2.o)
    0x00000366   0x00000366   0x00000000   Code   RO          389    .ARM.Collect$$libinit$$00000025  c_w.l(libinit2.o)
    0x00000366   0x00000366   0x00000000   Code   RO          391    .ARM.Collect$$libinit$$00000027  c_w.l(libinit2.o)
    0x00000366   0x00000366   0x00000000   Code   RO          395    .ARM.Collect$$libinit$$0000002E  c_w.l(libinit2.o)
    0x00000366   0x00000366   0x00000000   Code   RO          397    .ARM.Collect$$libinit$$00000030  c_w.l(libinit2.o)
    0x00000366   0x00000366   0x00000000   Code   RO          399    .ARM.Collect$$libinit$$00000032  c_w.l(libinit2.o)
    0x00000366   0x00000366   0x00000000   Code   RO          401    .ARM.Collect$$libinit$$00000034  c_w.l(libinit2.o)
    0x00000366   0x00000366   0x00000002   Code   RO          402    .ARM.Collect$$libinit$$00000035  c_w.l(libinit2.o)
    0x00000368   0x00000368   0x00000002   Code   RO          426    .ARM.Collect$$libshutdown$$00000000  c_w.l(libshutdown.o)
    0x0000036a   0x0000036a   0x00000000   Code   RO          441    .ARM.Collect$$libshutdown$$00000002  c_w.l(libshutdown2.o)
    0x0000036a   0x0000036a   0x00000000   Code   RO          443    .ARM.Collect$$libshutdown$$00000004  c_w.l(libshutdown2.o)
    0x0000036a   0x0000036a   0x00000000   Code   RO          446    .ARM.Collect$$libshutdown$$00000007  c_w.l(libshutdown2.o)
    0x0000036a   0x0000036a   0x00000000   Code   RO          449    .ARM.Collect$$libshutdown$$0000000A  c_w.l(libshutdown2.o)
    0x0000036a   0x0000036a   0x00000000   Code   RO          451    .ARM.Collect$$libshutdown$$0000000C  c_w.l(libshutdown2.o)
    0x0000036a   0x0000036a   0x00000000   Code   RO          454    .ARM.Collect$$libshutdown$$0000000F  c_w.l(libshutdown2.o)
    0x0000036a   0x0000036a   0x00000002   Code   RO          455    .ARM.Collect$$libshutdown$$00000010  c_w.l(libshutdown2.o)
    0x0000036c   0x0000036c   0x00000000   Code   RO          155    .ARM.Collect$$rtentry$$00000000  c_w.l(__rtentry.o)
    0x0000036c   0x0000036c   0x00000000   Code   RO          256    .ARM.Collect$$rtentry$$00000002  c_w.l(__rtentry2.o)
    0x0000036c   0x0000036c   0x00000006   Code   RO          268    .ARM.Collect$$rtentry$$00000004  c_w.l(__rtentry4.o)
    0x00000372   0x00000372   0x00000000   Code   RO          258    .ARM.Collect$$rtentry$$00000009  c_w.l(__rtentry2.o)
    0x00000372   0x00000372   0x00000004   Code   RO          259    .ARM.Collect$$rtentry$$0000000A  c_w.l(__rtentry2.o)
    0x00000376   0x00000376   0x00000000   Code   RO          261    .ARM.Collect$$rtentry$$0000000C  c_w.l(__rtentry2.o)
    0x00000376   0x00000376   0x00000008   Code   RO          262    .ARM.Collect$$rtentry$$0000000D  c_w.l(__rtentry2.o)
    0x0000037e   0x0000037e   0x00000002   Code   RO          347    .ARM.Collect$$rtexit$$00000000  c_w.l(rtexit.o)
    0x00000380   0x00000380   0x00000000   Code   RO          404    .ARM.Collect$$rtexit$$00000002  c_w.l(rtexit2.o)
    0x00000380   0x00000380   0x00000004   Code   RO          405    .ARM.Collect$$rtexit$$00000003  c_w.l(rtexit2.o)
    0x00000384   0x00000384   0x00000006   Code   RO          406    .ARM.Collect$$rtexit$$00000004  c_w.l(rtexit2.o)
    0x0000038a   0x0000038a   0x00000002   PAD
    0x0000038c   0x0000038c   0x00000030   Code   RO            4    .text               startup.o
    0x000003bc   0x000003bc   0x000001e4   Code   RO           12    .text               utils.o
    0x000005a0   0x000005a0   0x0000002c   Code   RO          149    .text               c_w.l(sprintf.o)
    0x000005cc   0x000005cc   0x00000006   Code   RO          151    .text               c_w.l(heapauxi.o)
    0x000005d2   0x000005d2   0x0000004e   Code   RO          158    .text               c_w.l(_printf_pad.o)
    0x00000620   0x00000620   0x00000024   Code   RO          160    .text               c_w.l(_printf_truncate.o)
    0x00000644   0x00000644   0x00000052   Code   RO          162    .text               c_w.l(_printf_str.o)
    0x00000696   0x00000696   0x00000002   PAD
    0x00000698   0x00000698   0x00000078   Code   RO          164    .text               c_w.l(_printf_dec.o)
    0x00000710   0x00000710   0x00000028   Code   RO          166    .text               c_w.l(_printf_charcount.o)
    0x00000738   0x00000738   0x00000030   Code   RO          168    .text               c_w.l(_printf_char_common.o)
    0x00000768   0x00000768   0x0000000a   Code   RO          170    .text               c_w.l(_sputc.o)
    0x00000772   0x00000772   0x00000002   PAD
    0x00000774   0x00000774   0x000000bc   Code   RO          172    .text               c_w.l(_printf_wctomb.o)
    0x00000830   0x00000830   0x0000007c   Code   RO          175    .text               c_w.l(_printf_longlong_dec.o)
    0x000008ac   0x000008ac   0x00000070   Code   RO          181    .text               c_w.l(_printf_oct_int_ll.o)
    0x0000091c   0x0000091c   0x00000094   Code   RO          201    .text               c_w.l(_printf_hex_int_ll_ptr.o)
    0x000009b0   0x000009b0   0x00000188   Code   RO          221    .text               c_w.l(__printf_flags_ss_wp.o)
    0x00000b38   0x00000b38   0x0000008a   Code   RO          270    .text               c_w.l(lludiv10.o)
    0x00000bc2   0x00000bc2   0x000000b2   Code   RO          272    .text               c_w.l(_printf_intcommon.o)
    0x00000c74   0x00000c74   0x0000041c   Code   RO          274    .text               c_w.l(_printf_fp_dec.o)
    0x00001090   0x00001090   0x000002fc   Code   RO          278    .text               c_w.l(_printf_fp_hex.o)
    0x0000138c   0x0000138c   0x0000002c   Code   RO          283    .text               c_w.l(_printf_char.o)
    0x000013b8   0x000013b8   0x0000002c   Code   RO          285    .text               c_w.l(_printf_wchar.o)
    0x000013e4   0x000013e4   0x00000048   Code   RO          288    .text               c_w.l(_c16rtomb.o)
    0x0000142c   0x0000142c   0x0000004a   Code   RO          290    .text               c_w.l(sys_stackheap_outer.o)
    0x00001476   0x00001476   0x00000002   PAD
    0x00001478   0x00001478   0x00000010   Code   RO          292    .text               c_w.l(rt_ctype_table.o)
    0x00001488   0x00001488   0x00000008   Code   RO          297    .text               c_w.l(rt_locale_intlibspace.o)
    0x00001490   0x00001490   0x00000080   Code   RO          299    .text               c_w.l(_printf_fp_infnan.o)
    0x00001510   0x00001510   0x000000e4   Code   RO          301    .text               c_w.l(bigflt0.o)
    0x000015f4   0x000015f4   0x00000012   Code   RO          331    .text               c_w.l(exit.o)
    0x00001606   0x00001606   0x00000002   PAD
    0x00001608   0x00001608   0x00000008   Code   RO          344    .text               c_w.l(libspace.o)
    0x00001610   0x00001610   0x0000007c   Code   RO          354    .text               c_w.l(strcmpv7em.o)
    0x0000168c   0x0000168c   0x0000000c   Code   RO          416    .text               c_w.l(sys_exit.o)
    0x00001698   0x00001698   0x00000002   Code   RO          431    .text               c_w.l(use_no_semi.o)
    0x0000169a   0x0000169a   0x00000000   Code   RO          433    .text               c_w.l(indicate_semi.o)
    0x0000169a   0x0000169a   0x00000002   PAD
    0x0000169c   0x0000169c   0x00000040   Code   RO           16    .text.ADC_Read      main.o
    0x000016dc   0x000016dc   0x0000004e   Code   RO           41    .text.GPIOPortJ_Handler  gpio.o
    0x0000172a   0x0000172a   0x00000002   PAD
    0x0000172c   0x0000172c   0x000002e8   Code   RO           39    .text.GPIO_Init     gpio.o
    0x00001a14   0x00001a14   0x0000004c   Code   RO          139    .text.PWM_SetDutyCycle  motor.o
    0x00001a60   0x00001a60   0x00000012   Code   RO          107    .text.Set_Contagem_timer  timer.o
    0x00001a72   0x00001a72   0x00000002   PAD
    0x00001a74   0x00001a74   0x00000096   Code   RO          111    .text.Timer0A_Handler  timer.o
    0x00001b0a   0x00001b0a   0x00000002   PAD
    0x00001b0c   0x00001b0c   0x00000016   Code   RO          128    .text.UART0_Available  uart.o
    0x00001b22   0x00001b22   0x00000002   PAD
    0x00001b24   0x00001b24   0x00000024   Code   RO          126    .text.UART0_ReadChar  uart.o
    0x00001b48   0x00001b48   0x0000002e   Code   RO          122    .text.UART0_SendChar  uart.o
    0x00001b76   0x00001b76   0x00000002   PAD
    0x00001b78   0x00001b78   0x00000022   Code   RO          124    .text.UART0_SendString  uart.o
    0x00001b9a   0x00001b9a   0x00000002   PAD
    0x00001b9c   0x00001b9c   0x00000080   Code   RO           63    .text.initPot       gpio.o
    0x00001c1c   0x00001c1c   0x00000076   Code   RO          120    .text.init_uart     uart.o
    0x00001c92   0x00001c92   0x00000002   PAD
    0x00001c94   0x00001c94   0x00000420   Code   RO           18    .text.main          main.o
    0x000020b4   0x000020b4   0x00000014   Code   RO           76    .text.set_reset     lab3.o
    0x000020c8   0x000020c8   0x00000014   Code   RO           72    .text.set_toggle_step  lab3.o
    0x000020dc   0x000020dc   0x00000140   Code   RO          137    .text.vel_control   motor.o
    0x0000221c   0x0000221c   0x0000003e   Code   RO          304    CL$$btod_d2e        c_w.l(btod.o)
    0x0000225a   0x0000225a   0x00000046   Code   RO          306    CL$$btod_d2e_denorm_low  c_w.l(btod.o)
    0x000022a0   0x000022a0   0x00000060   Code   RO          305    CL$$btod_d2e_norm_op1  c_w.l(btod.o)
    0x00002300   0x00002300   0x00000338   Code   RO          314    CL$$btod_div_common  c_w.l(btod.o)
    0x00002638   0x00002638   0x000000dc   Code   RO          311    CL$$btod_e2e        c_w.l(btod.o)
    0x00002714   0x00002714   0x0000002a   Code   RO          308    CL$$btod_ediv       c_w.l(btod.o)
    0x0000273e   0x0000273e   0x0000002a   Code   RO          307    CL$$btod_emul       c_w.l(btod.o)
    0x00002768   0x00002768   0x00000244   Code   RO          313    CL$$btod_mult_common  c_w.l(btod.o)
    0x000029ac   0x000029ac   0x00000030   Code   RO          342    i.__ARM_fpclassify  m_wm.l(fpclassify.o)
    0x000029dc   0x000029dc   0x0000000e   Code   RO          214    i._is_digit         c_w.l(__printf_wp.o)
    0x000029ea   0x000029ea   0x00000002   PAD
    0x000029ec   0x000029ec   0x0000002c   Code   RO          329    locale$$code        c_w.l(lc_numeric_c.o)
    0x00002a18   0x00002a18   0x0000002c   Code   RO          352    locale$$code        c_w.l(lc_ctype_c.o)
    0x00002a44   0x00002a44   0x0000001a   Code   RO          414    x$fpl$fpinit        fz_wm.l(fpinit.o)
    0x00002a5e   0x00002a5e   0x00000004   Code   RO          247    x$fpl$printf1       fz_wm.l(printf1.o)
    0x00002a62   0x00002a62   0x00000004   Code   RO          249    x$fpl$printf2       fz_wm.l(printf2.o)
    0x00002a66   0x00002a66   0x00000000   Code   RO          341    x$fpl$usenofp       fz_wm.l(usenofp.o)
    0x00002a66   0x00002a66   0x00000002   PAD
    0x00002a68   0x00002a68   0x00000008   Data   RO          173    .constdata          c_w.l(_printf_wctomb.o)
    0x00002a70   0x00002a70   0x00000028   Data   RO          202    .constdata          c_w.l(_printf_hex_int_ll_ptr.o)
    0x00002a98   0x00002a98   0x00000011   Data   RO          222    .constdata          c_w.l(__printf_flags_ss_wp.o)
    0x00002aa9   0x00002aa9   0x00000026   Data   RO          279    .constdata          c_w.l(_printf_fp_hex.o)
    0x00002acf   0x00002acf   0x00000001   PAD
    0x00002ad0   0x00002ad0   0x00000094   Data   RO          302    .constdata          c_w.l(bigflt0.o)
    0x00002b64   0x00002b64   0x000000f9   Data   RO           27    .rodata.str1.1      main.o
    0x00002c5d   0x00002c5d   0x00000003   PAD
    0x00002c60   0x00002c60   0x00000010   Data   RO          489    Region$$Table       anon$$obj.o
    0x00002c70   0x00002c70   0x0000001c   Data   RO          328    locale$$data        c_w.l(lc_numeric_c.o)
    0x00002c8c   0x00002c8c   0x00000110   Data   RO          351    locale$$data        c_w.l(lc_ctype_c.o)


    Execution Region ER_RW (Exec base: 0x20000000, Load base: 0x00002d9c, Size: 0x00000000, Max: 0xffffffff, ABSOLUTE)

    **** No section assigned to this execution region ****


    Execution Region ER_ZI (Exec base: 0x20000000, Load base: 0x00002d9c, Size: 0x00000480, Max: 0xffffffff, ABSOLUTE)

    Exec Addr    Load Addr    Size         Type   Attr      Idx    E Section Name        Object

    0x20000000        -       0x00000060   Zero   RW          345    .bss                c_w.l(libspace.o)
    0x20000060        -       0x00000001   Zero   RW           22    .bss.direction      main.o
    0x20000061        -       0x00000001   Zero   RW           23    .bss.direction_target  main.o
    0x20000062   0x00002d9c   0x00000002   PAD
    0x20000064        -       0x00000004   Zero   RW           20    .bss.programState   main.o
    0x20000068        -       0x00000004   Zero   RW           24    .bss.pwm_duty_cycle  main.o
    0x2000006c        -       0x00000004   Zero   RW           25    .bss.pwm_duty_cycle_target  main.o
    0x20000070        -       0x00000001   Zero   RW           26    .bss.pwm_high       main.o
    0x20000071   0x00002d9c   0x00000003   PAD
    0x20000074        -       0x00000004   Zero   RW           81    .bss.reset          lab3.o
    0x20000078        -       0x00000004   Zero   RW           80    .bss.toggle_step    lab3.o
    0x2000007c   0x00002d9c   0x00000004   PAD
    0x20000080        -       0x00000000   Zero   RW            2    HEAP                startup.o
    0x20000080        -       0x00000400   Zero   RW            1    STACK               startup.o


==============================================================================

Image component sizes


      Code (inc. data)   RO Data    RW Data    ZI Data      Debug   Object Name

       950          0          0          0          0       2494   gpio.o
        40          0          0          0          8        908   lab3.o
      1120          0        249          0         15       2070   main.o
       396          0          0          0          0        938   motor.o
       608        532          0          0       1024       1032   startup.o
       168          0          0          0          0        967   timer.o
       256          0          0          0          0       1138   uart.o
       484         92          0          0          0        380   utils.o

    ----------------------------------------------------------------------
      4036        624        268          0       1056       9927   Object Totals
         0          0         16          0          0          0   (incl. Generated)
        14          0          3          0          9          0   (incl. Padding)

    ----------------------------------------------------------------------

      Code (inc. data)   RO Data    RW Data    ZI Data      Debug   Library Member Name

         8          0          0          0          0         68   __main.o
       392          4         17          0          0         92   __printf_flags_ss_wp.o
        14          0          0          0          0         68   __printf_wp.o
         0          0          0          0          0          0   __rtentry.o
        12          0          0          0          0          0   __rtentry2.o
         6          0          0          0          0          0   __rtentry4.o
        94          8          0          0          0          0   __scatter.o
        28          0          0          0          0          0   __scatter_zi.o
        72          0          0          0          0         96   _c16rtomb.o
         6          0          0          0          0          0   _printf_a.o
         6          0          0          0          0          0   _printf_c.o
        44          0          0          0          0        108   _printf_char.o
        48          6          0          0          0         96   _printf_char_common.o
        40          0          0          0          0         68   _printf_charcount.o
         6          0          0          0          0          0   _printf_d.o
       120         16          0          0          0         92   _printf_dec.o
         6          0          0          0          0          0   _printf_e.o
         6          0          0          0          0          0   _printf_f.o
      1052          0          0          0          0        148   _printf_fp_dec.o
       764          8         38          0          0        100   _printf_fp_hex.o
       128         16          0          0          0         84   _printf_fp_infnan.o
         6          0          0          0          0          0   _printf_g.o
       148          4         40          0          0        160   _printf_hex_int_ll_ptr.o
         6          0          0          0          0          0   _printf_i.o
       178          0          0          0          0         88   _printf_intcommon.o
        10          0          0          0          0          0   _printf_l.o
         6          0          0          0          0          0   _printf_lc.o
        10          0          0          0          0          0   _printf_ll.o
         6          0          0          0          0          0   _printf_lld.o
         6          0          0          0          0          0   _printf_lli.o
         6          0          0          0          0          0   _printf_llo.o
         6          0          0          0          0          0   _printf_llu.o
         6          0          0          0          0          0   _printf_llx.o
       124         16          0          0          0         92   _printf_longlong_dec.o
         6          0          0          0          0          0   _printf_ls.o
         6          0          0          0          0          0   _printf_n.o
         6          0          0          0          0          0   _printf_o.o
       112          8          0          0          0        124   _printf_oct_int_ll.o
         6          0          0          0          0          0   _printf_p.o
        78          0          0          0          0        108   _printf_pad.o
         0          0          0          0          0          0   _printf_percent.o
         4          0          0          0          0          0   _printf_percent_end.o
         6          0          0          0          0          0   _printf_s.o
        82          0          0          0          0         80   _printf_str.o
        36          0          0          0          0         84   _printf_truncate.o
         6          0          0          0          0          0   _printf_u.o
        44          0          0          0          0        108   _printf_wchar.o
       188          6          8          0          0         92   _printf_wctomb.o
         6          0          0          0          0          0   _printf_x.o
        10          0          0          0          0         68   _sputc.o
       228          4        148          0          0         96   bigflt0.o
      1936        128          0          0          0        668   btod.o
        18          0          0          0          0         80   exit.o
         6          0          0          0          0        152   heapauxi.o
         0          0          0          0          0          0   indicate_semi.o
        44         10        272          0          0         76   lc_ctype_c.o
        44         10         28          0          0         76   lc_numeric_c.o
         2          0          0          0          0          0   libinit.o
        34          0          0          0          0          0   libinit2.o
         2          0          0          0          0          0   libshutdown.o
         2          0          0          0          0          0   libshutdown2.o
         8          4          0          0         96         68   libspace.o
       138          0          0          0          0         80   lludiv10.o
        16          4          0          0          0         76   rt_ctype_table.o
         8          4          0          0          0         68   rt_locale_intlibspace.o
         2          0          0          0          0          0   rtexit.o
        10          0          0          0          0          0   rtexit2.o
        44          6          0          0          0         84   sprintf.o
       124          0          0          0          0         88   strcmpv7em.o
        12          4          0          0          0         68   sys_exit.o
        74          0          0          0          0         80   sys_stackheap_outer.o
         2          0          0          0          0         68   use_no_semi.o
        26          0          0          0          0        116   fpinit.o
         4          0          0          0          0        116   printf1.o
         4          0          0          0          0        116   printf2.o
         0          0          0          0          0          0   usenofp.o
        48          0          0          0          0        124   fpclassify.o

    ----------------------------------------------------------------------
      6820        266        552          0         96       4324   Library Totals
        18          0          1          0          0          0   (incl. Padding)

    ----------------------------------------------------------------------

      Code (inc. data)   RO Data    RW Data    ZI Data      Debug   Library Name

      6720        266        551          0         96       3852   c_w.l
        34          0          0          0          0        348   fz_wm.l
        48          0          0          0          0        124   m_wm.l

    ----------------------------------------------------------------------
      6820        266        552          0         96       4324   Library Totals

    ----------------------------------------------------------------------

==============================================================================


      Code (inc. data)   RO Data    RW Data    ZI Data      Debug   

     10856        890        820          0       1152      11923   Grand Totals
     10856        890        820          0       1152      11923   ELF Image Totals
     10856        890        820          0          0          0   ROM Totals

==============================================================================

    Total RO  Size (Code + RO Data)                11676 (  11.40kB)
    Total RW  Size (RW Data + ZI Data)              1152 (   1.12kB)
    Total ROM Size (Code + RO Data + RW Data)      11676 (  11.40kB)

==============================================================================

